
 Start         Length     Name                   Class
 0001:00000000 00019F40H .text                   CODE
 0002:00000000 000000E8H .data                   DATA
 0002:000000E8 000000D1H .bss                    BSS


Detailed map of segments

 0001:00000000 0000021E C=CODE     S=.text    G=(none)   M=System   ACBP=A9
 0001:00000220 000001EC C=CODE     S=.text    G=(none)   M=SysInit  ACBP=A9
 0001:0000040C 0000030E C=CODE     S=.text    G=(none)   M=Classes  ACBP=A9
 0001:0000071C 0000000E C=CODE     S=.text    G=(none)   M=ActiveX  ACBP=A9
 0001:0000072C 00000148 C=CODE     S=.text    G=(none)   M=Windows  ACBP=A9
 0001:00000874 0000000E C=CODE     S=.text    G=(none)   M=Types    ACBP=A9
 0001:00000884 00000038 C=CODE     S=.text    G=(none)   M=Messages ACBP=A9
 0001:000008BC 0000002E C=CODE     S=.text    G=(none)   M=TypInfo  ACBP=A9
 0001:000008EC 000000BE C=CODE     S=.text    G=(none)   M=SysUtils ACBP=A9
 0001:000009AC 0000000E C=CODE     S=.text    G=(none)   M=SysConst ACBP=A9
 0001:000009BC 00000066 C=CODE     S=.text    G=(none)   M=Variants ACBP=A9
 0001:00000A24 0000000E C=CODE     S=.text    G=(none)   M=VarUtils ACBP=A9
 0001:00000A34 0000000E C=CODE     S=.text    G=(none)   M=RTLConsts ACBP=A9
 0001:00000A44 00000016 C=CODE     S=.text    G=(none)   M=DesignIntf ACBP=A9
 0001:00000A5C 0000044E C=CODE     S=.text    G=(none)   M=Controls ACBP=A9
 0001:00000EAC 0000000E C=CODE     S=.text    G=(none)   M=ActnList ACBP=A9
 0001:00000EBC 0000000E C=CODE     S=.text    G=(none)   M=Contnrs  ACBP=A9
 0001:00000ECC 00000016 C=CODE     S=.text    G=(none)   M=Math     ACBP=A9
 0001:00000EE4 0000000E C=CODE     S=.text    G=(none)   M=ImgList  ACBP=A9
 0001:00000EF4 00000038 C=CODE     S=.text    G=(none)   M=CommCtrl ACBP=A9
 0001:00000F2C 000000F6 C=CODE     S=.text    G=(none)   M=Graphics ACBP=A9
 0001:00001024 0000000E C=CODE     S=.text    G=(none)   M=Consts   ACBP=A9
 0001:00001034 00000146 C=CODE     S=.text    G=(none)   M=Forms    ACBP=A9
 0001:0000117C 0000000E C=CODE     S=.text    G=(none)   M=HelpIntfs ACBP=A9
 0001:0000118C 0000000E C=CODE     S=.text    G=(none)   M=MultiMon ACBP=A9
 0001:0000119C 00000038 C=CODE     S=.text    G=(none)   M=Imm      ACBP=A9
 0001:000011D4 0000000E C=CODE     S=.text    G=(none)   M=Menus    ACBP=A9
 0001:000011E4 0000000E C=CODE     S=.text    G=(none)   M=Themes   ACBP=A9
 0001:000011F4 0000000E C=CODE     S=.text    G=(none)   M=UxTheme  ACBP=A9
 0001:00001204 0000000E C=CODE     S=.text    G=(none)   M=SyncObjs ACBP=A9
 0001:00001214 0000001E C=CODE     S=.text    G=(none)   M=ComCtrls ACBP=A9
 0001:00001234 00000038 C=CODE     S=.text    G=(none)   M=ShlObj   ACBP=A9
 0001:0000126C 00000038 C=CODE     S=.text    G=(none)   M=UrlMon   ACBP=A9
 0001:000012A4 00000038 C=CODE     S=.text    G=(none)   M=WinInet  ACBP=A9
 0001:000012DC 00000038 C=CODE     S=.text    G=(none)   M=RegStr   ACBP=A9
 0001:00001314 00000038 C=CODE     S=.text    G=(none)   M=ShellAPI ACBP=A9
 0001:0000134C 0000000E C=CODE     S=.text    G=(none)   M=ListActns ACBP=A9
 0001:0000135C 0000005E C=CODE     S=.text    G=(none)   M=ExtCtrls ACBP=A9
 0001:000013BC 0000008E C=CODE     S=.text    G=(none)   M=StdCtrls ACBP=A9
 0001:0000144C 0000000E C=CODE     S=.text    G=(none)   M=WinHelpViewer ACBP=A9
 0001:0000145C 0000000E C=CODE     S=.text    G=(none)   M=StdActns ACBP=A9
 0001:0000146C 0000001E C=CODE     S=.text    G=(none)   M=Dialogs  ACBP=A9
 0001:0000148C 0000000E C=CODE     S=.text    G=(none)   M=Printers ACBP=A9
 0001:0000149C 00000038 C=CODE     S=.text    G=(none)   M=WinSpool ACBP=A9
 0001:000014D4 00000038 C=CODE     S=.text    G=(none)   M=CommDlg  ACBP=A9
 0001:0000150C 00000038 C=CODE     S=.text    G=(none)   M=Dlgs     ACBP=A9
 0001:00001544 0000001E C=CODE     S=.text    G=(none)   M=StrUtils ACBP=A9
 0001:00001564 0000000E C=CODE     S=.text    G=(none)   M=Clipbrd  ACBP=A9
 0001:00001574 0000000E C=CODE     S=.text    G=(none)   M=FlatSB   ACBP=A9
 0001:00001584 0000000E C=CODE     S=.text    G=(none)   M=ToolWin  ACBP=A9
 0001:00001594 00000038 C=CODE     S=.text    G=(none)   M=RichEdit ACBP=A9
 0001:000015CC 0000000E C=CODE     S=.text    G=(none)   M=ExtActns ACBP=A9
 0001:000015DC 0000000E C=CODE     S=.text    G=(none)   M=Registry ACBP=A9
 0001:000015EC 0000000E C=CODE     S=.text    G=(none)   M=IniFiles ACBP=A9
 0001:000015FC 0000000E C=CODE     S=.text    G=(none)   M=ExtDlgs  ACBP=A9
 0001:0000160C 0000003E C=CODE     S=.text    G=(none)   M=Buttons  ACBP=A9
 0001:0000164C 0000000E C=CODE     S=.text    G=(none)   M=Mapi     ACBP=A9
 0001:0000165C 0000000E C=CODE     S=.text    G=(none)   M=ComStrs  ACBP=A9
 0001:0000166C 0000000E C=CODE     S=.text    G=(none)   M=DesignMenus ACBP=A9
 0001:0000167C 0000000E C=CODE     S=.text    G=(none)   M=DesignEditors ACBP=A9
 0001:0000168C 0000000E C=CODE     S=.text    G=(none)   M=Proxies  ACBP=A9
 0001:0000169C 0000000E C=CODE     S=.text    G=(none)   M=DesignConst ACBP=A9
 0001:000016AC 00000146 C=CODE     S=.text    G=(none)   M=Grids    ACBP=A9
 0001:000017F4 0000006E C=CODE     S=.text    G=(none)   M=Mask     ACBP=A9
 0001:00001864 0000000E C=CODE     S=.text    G=(none)   M=MaskUtils ACBP=A9
 0001:00001874 0000028E C=CODE     S=.text    G=(none)   M=DBGrids  ACBP=A9
 0001:00001B04 0000018E C=CODE     S=.text    G=(none)   M=DB       ACBP=A9
 0001:00001C94 0000000E C=CODE     S=.text    G=(none)   M=FMTBcd   ACBP=A9
 0001:00001CA4 0000000E C=CODE     S=.text    G=(none)   M=DBConsts ACBP=A9
 0001:00001CB4 0000000E C=CODE     S=.text    G=(none)   M=SqlTimSt ACBP=A9
 0001:00001CC4 0000000E C=CODE     S=.text    G=(none)   M=DateUtils ACBP=A9
 0001:00001CD4 0000000E C=CODE     S=.text    G=(none)   M=ComObj   ACBP=A9
 0001:00001CE4 0000000E C=CODE     S=.text    G=(none)   M=ComConst ACBP=A9
 0001:00001CF4 00000046 C=CODE     S=.text    G=(none)   M=DBCtrls  ACBP=A9
 0001:00001D3C 0000000E C=CODE     S=.text    G=(none)   M=VDBConsts ACBP=A9
 0001:00001D4C 0000000E C=CODE     S=.text    G=(none)   M=DBPWDlg  ACBP=A9
 0001:00001D5C 0000000E C=CODE     S=.text    G=(none)   M=DBLogDlg ACBP=A9
 0001:00001D6C 0000002E C=CODE     S=.text    G=(none)   M=Mxarrays ACBP=A9
 0001:00001D9C 0000000E C=CODE     S=.text    G=(none)   M=Mxconsts ACBP=A9
 0001:00001DAC 00001A68 C=CODE     S=.text    G=(none)   M=QLDBAgg  ACBP=A9
 0001:00003814 0000000E C=CODE     S=.text    G=(none)   M=DBClient ACBP=A9
 0001:00003824 0000000E C=CODE     S=.text    G=(none)   M=Midas    ACBP=A9
 0001:00003834 0000000E C=CODE     S=.text    G=(none)   M=DBCommon ACBP=A9
 0001:00003844 0000000E C=CODE     S=.text    G=(none)   M=DSIntf   ACBP=A9
 0001:00003854 0000000E C=CODE     S=.text    G=(none)   M=MidConst ACBP=A9
 0001:00003864 0000000E C=CODE     S=.text    G=(none)   M=Provider ACBP=A9
 0001:00003874 0000000E C=CODE     S=.text    G=(none)   M=DataBkr  ACBP=A9
 0001:00003884 0000B19C C=CODE     S=.text    G=(none)   M=QLDBLkp  ACBP=A9
 0001:0000EA20 00006510 C=CODE     S=.text    G=(none)   M=QLDBGrid ACBP=A9
 0001:00014F30 0000000E C=CODE     S=.text    G=(none)   M=DBReg    ACBP=A9
 0001:00014F40 0000000E C=CODE     S=.text    G=(none)   M=DSDesign ACBP=A9
 0001:00014F50 0000000E C=CODE     S=.text    G=(none)   M=DrpCtrls ACBP=A9
 0001:00014F60 0000000E C=CODE     S=.text    G=(none)   M=DesignWindows ACBP=A9
 0001:00014F70 0000000E C=CODE     S=.text    G=(none)   M=ComponentDesigner ACBP=A9
 0001:00014F80 0000000E C=CODE     S=.text    G=(none)   M=EditIntf ACBP=A9
 0001:00014F90 0000000E C=CODE     S=.text    G=(none)   M=VirtIntf ACBP=A9
 0001:00014FA0 0000000E C=CODE     S=.text    G=(none)   M=Events   ACBP=A9
 0001:00014FB0 0000000E C=CODE     S=.text    G=(none)   M=ToolUtils ACBP=A9
 0001:00014FC0 0000000E C=CODE     S=.text    G=(none)   M=ToolsAPI ACBP=A9
 0001:00014FD0 0000000E C=CODE     S=.text    G=(none)   M=Update   ACBP=A9
 0001:00014FE0 0000000E C=CODE     S=.text    G=(none)   M=LibConst ACBP=A9
 0001:00014FF0 0000000E C=CODE     S=.text    G=(none)   M=Designer ACBP=A9
 0001:00015000 0000000E C=CODE     S=.text    G=(none)   M=StFilSys ACBP=A9
 0001:00015010 0000000E C=CODE     S=.text    G=(none)   M=IStreams ACBP=A9
 0001:00015020 0000000E C=CODE     S=.text    G=(none)   M=AxCtrls  ACBP=A9
 0001:00015030 0000000E C=CODE     S=.text    G=(none)   M=StdVCL   ACBP=A9
 0001:00015040 0000000E C=CODE     S=.text    G=(none)   M=TopLevels ACBP=A9
 0001:00015050 0000000E C=CODE     S=.text    G=(none)   M=TreeIntf ACBP=A9
 0001:00015060 0000000E C=CODE     S=.text    G=(none)   M=VCLEditors ACBP=A9
 0001:00015070 0000000E C=CODE     S=.text    G=(none)   M=DsnDBCst ACBP=A9
 0001:00015080 0000000E C=CODE     S=.text    G=(none)   M=DSDefine ACBP=A9
 0001:00015090 0000000E C=CODE     S=.text    G=(none)   M=LibHelp  ACBP=A9
 0001:000150A0 0000000E C=CODE     S=.text    G=(none)   M=DSAdd    ACBP=A9
 0001:000150B0 0000000E C=CODE     S=.text    G=(none)   M=DBColnEd ACBP=A9
 0001:000150C0 0000000E C=CODE     S=.text    G=(none)   M=ToolWnds ACBP=A9
 0001:000150D0 0000000E C=CODE     S=.text    G=(none)   M=ActnPopup ACBP=A9
 0001:000150E0 0000000E C=CODE     S=.text    G=(none)   M=ActnCtrls ACBP=A9
 0001:000150F0 0000000E C=CODE     S=.text    G=(none)   M=GraphUtil ACBP=A9
 0001:00015100 0000000E C=CODE     S=.text    G=(none)   M=ActnMan  ACBP=A9
 0001:00015110 0000000E C=CODE     S=.text    G=(none)   M=ActnColorMaps ACBP=A9
 0001:00015120 0000000E C=CODE     S=.text    G=(none)   M=ActnMenus ACBP=A9
 0001:00015130 0000000E C=CODE     S=.text    G=(none)   M=ShadowWnd ACBP=A9
 0001:00015140 00000038 C=CODE     S=.text    G=(none)   M=MMSystem ACBP=A9
 0001:00015178 0000000E C=CODE     S=.text    G=(none)   M=XPActnCtrls ACBP=A9
 0001:00015188 0000000E C=CODE     S=.text    G=(none)   M=ColnEdit ACBP=A9
 0001:00015198 0000000E C=CODE     S=.text    G=(none)   M=DBActRes ACBP=A9
 0001:000151A8 0000000E C=CODE     S=.text    G=(none)   M=DBActns  ACBP=A9
 0001:000151B8 000000CE C=CODE     S=.text    G=(none)   M=QuickRpt ACBP=A9
 0001:00015288 0000000E C=CODE     S=.text    G=(none)   M=QRExpBld ACBP=A9
 0001:00015298 0000000E C=CODE     S=.text    G=(none)   M=QR3Const ACBP=A9
 0001:000152A8 0000000E C=CODE     S=.text    G=(none)   M=QRExpr   ACBP=A9
 0001:000152B8 0000000E C=CODE     S=.text    G=(none)   M=DBTables ACBP=A9
 0001:000152C8 0000000E C=CODE     S=.text    G=(none)   M=SMINTF   ACBP=A9
 0001:000152D8 0000000E C=CODE     S=.text    G=(none)   M=BDE      ACBP=A9
 0001:000152E8 0000000E C=CODE     S=.text    G=(none)   M=bdeconst ACBP=A9
 0001:000152F8 0000000E C=CODE     S=.text    G=(none)   M=QREnvEd  ACBP=A9
 0001:00015308 00000046 C=CODE     S=.text    G=(none)   M=QRExtra  ACBP=A9
 0001:00015350 0000000E C=CODE     S=.text    G=(none)   M=QRPrev   ACBP=A9
 0001:00015360 0000000E C=CODE     S=.text    G=(none)   M=QRPrntr  ACBP=A9
 0001:00015370 0000000E C=CODE     S=.text    G=(none)   M=QRPrgres ACBP=A9
 0001:00015380 0000000E C=CODE     S=.text    G=(none)   M=QRPrnSu  ACBP=A9
 0001:00015390 000000B6 C=CODE     S=.text    G=(none)   M=QRCtrls  ACBP=A9
 0001:00015448 0000000E C=CODE     S=.text    G=(none)   M=QRExprEd ACBP=A9
 0001:00015458 0000000E C=CODE     S=.text    G=(none)   M=QRLablEd ACBP=A9
 0001:00015468 0000000E C=CODE     S=.text    G=(none)   M=QRCompEd ACBP=A9
 0001:00015478 0000000E C=CODE     S=.text    G=(none)   M=QRAbout  ACBP=A9
 0001:00015488 0000000E C=CODE     S=.text    G=(none)   M=OleCtrls ACBP=A9
 0001:00015498 0000000E C=CODE     S=.text    G=(none)   M=OleConst ACBP=A9
 0001:000154A8 00001FE4 C=CODE     S=.text    G=(none)   M=QLRptBld ACBP=A9
 0001:0001748C 0000245C C=CODE     S=.text    G=(none)   M=QLDBFlt  ACBP=A9
 0001:000198E8 00000168 C=CODE     S=.text    G=(none)   M=QLReg    ACBP=A9
 0001:00019A50 000004ED C=CODE     S=.text    G=(none)   M=QLL70    ACBP=A9
 0002:00000000 00000030 C=DATA     S=.data    G=DGROUP   M=SysInit  ACBP=A9
 0002:00000030 00000034 C=DATA     S=.data    G=DGROUP   M=QLDBLkp  ACBP=A9
 0002:00000064 00000058 C=DATA     S=.data    G=DGROUP   M=QLDBGrid ACBP=A9
 0002:00001000 00000010 C=BSS      S=.bss     G=DGROUP   M=SysInit  ACBP=A9
 0002:00001010 00000004 C=BSS      S=.bss     G=DGROUP   M=Windows  ACBP=A9
 0002:00001014 00000004 C=BSS      S=.bss     G=DGROUP   M=Messages ACBP=A9
 0002:00001018 00000004 C=BSS      S=.bss     G=DGROUP   M=CommCtrl ACBP=A9
 0002:0000101C 00000004 C=BSS      S=.bss     G=DGROUP   M=Imm      ACBP=A9
 0002:00001020 00000004 C=BSS      S=.bss     G=DGROUP   M=ShlObj   ACBP=A9
 0002:00001024 00000004 C=BSS      S=.bss     G=DGROUP   M=UrlMon   ACBP=A9
 0002:00001028 00000004 C=BSS      S=.bss     G=DGROUP   M=WinInet  ACBP=A9
 0002:0000102C 00000004 C=BSS      S=.bss     G=DGROUP   M=RegStr   ACBP=A9
 0002:00001030 00000004 C=BSS      S=.bss     G=DGROUP   M=ShellAPI ACBP=A9
 0002:00001034 00000004 C=BSS      S=.bss     G=DGROUP   M=WinSpool ACBP=A9
 0002:00001038 00000004 C=BSS      S=.bss     G=DGROUP   M=CommDlg  ACBP=A9
 0002:0000103C 00000004 C=BSS      S=.bss     G=DGROUP   M=Dlgs     ACBP=A9
 0002:00001040 00000004 C=BSS      S=.bss     G=DGROUP   M=RichEdit ACBP=A9
 0002:00001044 00000004 C=BSS      S=.bss     G=DGROUP   M=QLDBAgg  ACBP=A9
 0002:00001048 00000068 C=BSS      S=.bss     G=DGROUP   M=QLDBLkp  ACBP=A9
 0002:000010B0 0000000D C=BSS      S=.bss     G=DGROUP   M=QLDBGrid ACBP=A9
 0002:000010C0 00000004 C=BSS      S=.bss     G=DGROUP   M=MMSystem ACBP=A9
 0002:000010C4 00000004 C=BSS      S=.bss     G=DGROUP   M=QLRptBld ACBP=A9
 0002:000010C8 00000004 C=BSS      S=.bss     G=DGROUP   M=QLDBFlt  ACBP=A9
 0002:000010CC 00000004 C=BSS      S=.bss     G=DGROUP   M=QLReg    ACBP=A9


  Address         Publics by Name

 0002:000010CC       .1
 0002:00001008       .1
 0002:00001040       .1
 0002:00001030       .1
 0002:00001018       .1
 0002:00001020       .1
 0002:00001038       .1
 0002:00001014       .1
 0002:0000103C       .1
 0002:0000102C       .1
 0002:00001024       .1
 0002:0000101C       .1
 0002:00001028       .1
 0002:000010C4       .2
 0002:00001048       .21
 0002:000010B0       .21
 0002:000010C8       .3
 0002:00001034       .3
 0002:00001010       .3
 0002:00001044       .5
 0002:000010C0       .7
 0001:00019F18       @GetPackageInfoTable
 0001:00000358       @InitPkg
 0001:00019F20       @PackageLoad
 0001:000003BC       @PackageLoad
 0001:000003C8       @PackageUnload
 0001:00019F2C       @PackageUnload
 0001:00016828       AddColumn
 0001:00000764       AdjustWindowRectEx
 0002:00000068       AlignFlags
 0001:00000258       AllocTlsBuffer
 0001:00000F24       CommCtrl
 0001:00001504       CommDlg
 0001:000186C8       CompareFieldValue
 0001:00000734       CreateFontIndirect
 0002:0000104C       cStr
 0002:0000007C       CurrencyUnits
 0001:0000153C       Dlgs
 0002:000010B4       DrawBitmap
 0001:00011F7C       DrawCurrencyCell
 0001:00011ED0       DrawCurrencyRect
 0001:00011CF8       DrawCurrencyRect
 0001:00011AD8       DrawCurrencyTitleCell
 0001:0001261C       DrawDataCell
 0001:0000076C       DrawFocusRect
 0001:00012214       DrawFooterCell
 0001:00000774       DrawFrameControl
 0001:0000077C       DrawText
 0001:00000304       ExitProcessTLS
 0001:000002DC       ExitThreadTLS
 0001:00017AD4       ExtractSubStr
 0001:00019550       FillFieldsComboBox
 0001:0000119C       Finalization
 0001:00000EF4       Finalization
 0001:00000884       Finalization
 0001:00001234       Finalization
 0001:0000083C       Finalization
 0001:0000126C       Finalization
 0001:000012A4       Finalization
 0001:00017454       Finalization
 0001:000012DC       Finalization
 0001:00015140       Finalization
 0001:00001314       Finalization
 0001:0000149C       Finalization
 0001:000014D4       Finalization
 0001:0000150C       Finalization
 0001:00001594       Finalization
 0001:00014EE0       Finalization
 0001:000003D4       Finalization
 0001:000198B0       Finalization
 0001:00019A18       Finalization
 0001:0000B2A0       Finalization
 0001:000037DC       Finalization
 0001:00000220       FreeLibrary
 0001:00000784       GetCapture
 0001:00016690       GetColWidth
 0001:0000078C       GetDC
 0001:00000794       GetDesktopWindow
 0001:00006600       GetHZPYM
 0001:000067D8       GetHZWBM
 0001:00016794       GetIsChildLastCol
 0001:00016720       GetIsLastColumn
 0001:0000079C       GetKeyState
 0001:000165C4       GetMasterCol
 0001:0000073C       GetNearestColor
 0001:00000744       GetObject
 0001:000007A4       GetParent
 0001:00006430       GetPY
 0001:000165EC       GetRowCount
 0001:000007AC       GetScrollInfo
 0001:000007B4       GetSystemMetrics
 0001:0000074C       GetTextMetrics
 0001:0000072C       GetTickCount
 0001:00000264       GetTlsSize
 0001:00010DF8       GridInvalidateRow
 0001:000165B0       GridLineWidth
 0002:00001004       HInstance
 0002:00001050       HStr
 0002:000010AC       HZWBMTable
 0001:000011CC       Imm
 0001:00017B34       IndexOfFieldName
 0001:00000328       InitializeModule
 0001:000002B0       InitProcessTLS
 0001:0000026C       InitThreadTLS
 0002:000010BC       InSizing
 0001:000007BC       KillTimer
 0001:000063F4       LeadBytePos
 0001:00000228       LocalAlloc
 0001:00000230       LocalFree
 0002:0000003C       LookupBtnCaptions
 0002:00000030       LookupBtnResNames
 0001:000008B4       Messages
 0001:00015170       MMSystem
 0002:00000008       Module
 0002:00001000       ModuleIsLib
 0002:00001001       ModuleIsPackage
 0001:000114C0       MyKeyDataToShiftState
 0001:000007C4       OffsetRect
 0001:00015AFC       OkToChangeFieldAlignment
 0001:000007CC       PeekMessage
 0001:00000824       PointToSmallPoint
 0001:000007D4       PostMessage
 0001:000007DC       PostQuitMessage
 0002:00000064       PreState
 0001:000007E4       PtInRect
 0002:00000004       PtrToNil
 0001:0000380C       QLDBAgg
 0001:000198E0       QLDBFlt
 0001:00014F28       QLDBGrid
 0001:0000B2FC       QLDBLkp
 0001:00019F38       QLL70
 0001:00019A48       QLReg
 0001:00017484       QLRptBld
 0001:00015B28       QRDBUseRightToLeftAlignment
 0001:00010B88       ReadOnlyField
 0001:000198E8       Register
 0001:0000130C       RegStr
 0001:00010B6C       ReleaseBitmap
 0001:000007EC       ReleaseDC
 0001:000015C4       RichEdit
 0002:00000074       RTL
 0002:00000060       SearchTickCount
 0001:00000754       SelectObject
 0001:000007F4       SendMessage
 0001:0000075C       SetBkMode
 0001:000007FC       SetRect
 0001:00000804       SetScrollInfo
 0001:0000080C       SetTimer
 0001:00000814       SetWindowPos
 0001:00001344       ShellAPI
 0001:00001264       ShlObj
 0001:0000081C       ShowScrollBar
 0001:00000404       SysInit
 0001:000143E0       TCurrencyView.Assign
 0001:000143E8       TCurrencyView.AssignTo
 0001:0001443C       TCurrencyView.GetOwner
 0001:00014440       TCurrencyView.SetCurrencyTitle
 0001:00014458       TCurrencyView.SetDigitAlignment
 0001:0001446C       TCurrencyView.SetDigitWidth
 0001:00014480       TCurrencyView.SetIntegerSeparateColor
 0001:00014494       TCurrencyView.SetSeparateColor
 0001:000144A8       TCurrencyView.SetThousandSeparateColor
 0001:000144BC       TCurrencyView.SetTitleLines
 0001:0000696C       TDataSourceLink.ActiveChanged
 0001:00006930       TDataSourceLink.Create
 0001:00006980       TDataSourceLink.FocusControl
 0001:000069C4       TDataSourceLink.LayoutChanged
 0001:000069D8       TDataSourceLink.RecordChanged
 0001:00006314       THZBMTable.IndexOfHZ
 0001:00006A24       TListSourceLink.ActiveChanged
 0001:000069E8       TListSourceLink.Create
 0001:00006A38       TListSourceLink.DataSetChanged
 0001:00006A4C       TListSourceLink.LayoutChanged
 0001:00000238       TlsAlloc
 0002:0000100C       tlsBuffer
 0001:00000240       TlsFree
 0001:00000248       TlsGetValue
 0002:00000000       TlsIndex
 0002:FFBE5000       TlsLast
 0002:00000020       TlsProc
 0001:00000250       TlsSetValue
 0001:0000B188       TPopupPanel.Create
 0001:0000B1D0       TPopupPanel.CreateParams
 0001:0000B1F4       TPopupPanel.CreateWnd
 0001:0000B1FC       TPopupPanel.WMMouseActivate
 0001:000033F4       TQLAggregate.Assign
 0001:000037C8       TQLAggregate.GetField
 0001:00003474       TQLAggregate.SetAggregateType
 0001:000037CC       TQLAggregate.SetField
 0001:0000344C       TQLAggregate.SetFieldName
 0001:000035C8       TQLAggregateList.Activate
 0001:000035D4       TQLAggregateList.ClearAggregateValues
 0001:00003550       TQLAggregateList.Create
 0001:000035E4       TQLAggregateList.DataSetAfterClose
 0001:000035F0       TQLAggregateList.DataSetAfterEdit
 0001:000035FC       TQLAggregateList.DataSetAfterInsert
 0001:00003608       TQLAggregateList.DataSetAfterOpen
 0001:00003614       TQLAggregateList.DataSetAfterPost
 0001:00003620       TQLAggregateList.DataSetAfterScroll
 0001:0000362C       TQLAggregateList.DataSetBeforeDelete
 0001:00003638       TQLAggregateList.Deactivate
 0001:00003598       TQLAggregateList.Destroy
 0001:00003644       TQLAggregateList.DoChanged
 0001:000036D0       TQLAggregateList.GetActive
 0001:000036F8       TQLAggregateList.GetAggregates
 0001:000036D8       TQLAggregateList.GetDataSet
 0001:000036E0       TQLAggregateList.GetExternalRecalc
 0001:00003700       TQLAggregateList.GetOnChanged
 0001:000036E8       TQLAggregateList.GetOnRecalcAll
 0001:0000376C       TQLAggregateList.GetRecNo
 0001:00003764       TQLAggregateList.GetVirtualRecords
 0001:00003740       TQLAggregateList.IsSequenced
 0001:00003650       TQLAggregateList.Loaded
 0001:00003664       TQLAggregateList.MasterDataSetAfterScroll
 0001:00003784       TQLAggregateList.Notification
 0001:00003670       TQLAggregateList.RecalcAll
 0001:0000374C       TQLAggregateList.RecordCount
 0001:00003680       TQLAggregateList.SetActive
 0001:000036C4       TQLAggregateList.SetAggregates
 0001:0000368C       TQLAggregateList.SetDataSet
 0001:000036AC       TQLAggregateList.SetDataSetEvents
 0001:000036B8       TQLAggregateList.SetExternalRecalc
 0001:00003728       TQLAggregateList.SetOnChanged
 0001:00003710       TQLAggregateList.SetOnRecalcAll
 0001:00003778       TQLAggregateList.SetRecNo
 0001:00003758       TQLAggregateList.SetVirtualRecords
 0001:0000306C       TQLAggregateListProducer.Activate
 0001:000022DC       TQLAggregateListProducer.Assign
 0001:000030F0       TQLAggregateListProducer.ClearAggregateValues
 0001:0000222C       TQLAggregateListProducer.Create
 0001:00003174       TQLAggregateListProducer.DataSetAfterCancel
 0001:00002FF4       TQLAggregateListProducer.DataSetAfterClose
 0001:00002ADC       TQLAggregateListProducer.DataSetAfterEdit
 0001:00002B84       TQLAggregateListProducer.DataSetAfterInsert
 0001:00002C34       TQLAggregateListProducer.DataSetAfterOpen
 0001:00002C5C       TQLAggregateListProducer.DataSetAfterPost
 0001:00002E74       TQLAggregateListProducer.DataSetAfterScroll
 0001:00002EC0       TQLAggregateListProducer.DataSetBeforeDelete
 0001:000030A4       TQLAggregateListProducer.Deactivate
 0001:0000229C       TQLAggregateListProducer.Destroy
 0001:000030DC       TQLAggregateListProducer.DoChanged
 0001:00003330       TQLAggregateListProducer.FindVirtualRecord
 0001:00002348       TQLAggregateListProducer.GetMasterDataSet
 0001:00003194       TQLAggregateListProducer.GetOwner
 0001:000031CC       TQLAggregateListProducer.GetRecNo
 0001:000032DC       TQLAggregateListProducer.IsSequenced
 0001:000027F4       TQLAggregateListProducer.Loaded
 0001:00003144       TQLAggregateListProducer.MasterDataSetAfterScroll
 0001:00002808       TQLAggregateListProducer.RecalcAll
 0001:00003298       TQLAggregateListProducer.RecordCount
 0001:000023C0       TQLAggregateListProducer.ResetMasterInfo
 0001:00002634       TQLAggregateListProducer.ReturnEvents
 0001:00003040       TQLAggregateListProducer.SetActive
 0001:00003030       TQLAggregateListProducer.SetAggregates
 0001:000027A8       TQLAggregateListProducer.SetDataSet
 0001:00002468       TQLAggregateListProducer.SetDataSetEvents
 0001:00003130       TQLAggregateListProducer.SetExternalRecalc
 0001:0000324C       TQLAggregateListProducer.SetRecNo
 0001:000031B0       TQLAggregateListProducer.SetVirtualRecords
 0001:00003198       TQLAggregateListProducer.Update
 0001:000037D0       TQLAggregates.Add
 0001:000034B0       TQLAggregates.FindAggregate
 0001:00003488       TQLAggregates.GetItem
 0001:00003484       TQLAggregates.GetOwner
 0001:0000349C       TQLAggregates.SetItem
 0001:000034A4       TQLAggregates.Update
 0001:0001455C       TQLColumn.Assign
 0001:000144D0       TQLColumn.Create
 0001:00014578       TQLColumn.CreateFooter
 0001:00014588       TQLColumn.CreateFooters
 0001:00014524       TQLColumn.Destroy
 0001:000145A0       TQLColumn.EnsureSumValue
 0001:000145D8       TQLColumn.GetControlType
 0001:000145DC       TQLColumn.GetCustomControl
 0001:000145E0       TQLColumn.SetControlType
 0001:000145EC       TQLColumn.SetCustomControl
 0001:00014654       TQLColumn.SetFooter
 0001:00014664       TQLColumn.SetFooters
 0001:00014674       TQLColumn.UsedFooter
 0001:00014808       TQLColumnFooter.Assign
 0001:0001469C       TQLColumnFooter.Create
 0001:00014740       TQLColumnFooter.CreateApart
 0001:000148A8       TQLColumnFooter.DefaultAlignment
 0001:000148BC       TQLColumnFooter.DefaultColor
 0001:000148D8       TQLColumnFooter.DefaultFont
 0001:000147AC       TQLColumnFooter.Destroy
 0001:000148FC       TQLColumnFooter.EnsureSumValue
 0001:00014A78       TQLColumnFooter.FontChanged
 0001:00014A8C       TQLColumnFooter.GetAlignment
 0001:00014A9C       TQLColumnFooter.GetColor
 0001:00014AAC       TQLColumnFooter.GetFont
 0001:00014B24       TQLColumnFooter.IsAlignmentStored
 0001:00014B44       TQLColumnFooter.IsColorStored
 0001:00014B64       TQLColumnFooter.IsFontStored
 0001:00014B6C       TQLColumnFooter.RefreshDefaultFont
 0001:00014BE4       TQLColumnFooter.RestoreDefaults
 0001:00014C10       TQLColumnFooter.SetAlignment
 0001:00014C34       TQLColumnFooter.SetColor
 0001:00014C58       TQLColumnFooter.SetEndEllipsis
 0001:00014C68       TQLColumnFooter.SetFieldName
 0001:00014C90       TQLColumnFooter.SetFont
 0001:00014CA0       TQLColumnFooter.SetValue
 0001:00014CC0       TQLColumnFooter.SetValueType
 0001:00014CE0       TQLColumnFooter.SetWordWrap
 0001:00014D38       TQLColumnFooters.Add
 0001:00014CF0       TQLColumnFooters.Create
 0001:00014D44       TQLColumnFooters.GetFooter
 0001:00014D58       TQLColumnFooters.GetOwner
 0001:00014D5C       TQLColumnFooters.SetFooter
 0001:00014D7C       TQLColumnFooters.Update
 0001:00014288       TQLControl.Assign
 0001:00014328       TQLControls.Add
 0001:00014334       TQLControls.ControlByField
 0001:000142E4       TQLControls.Create
 0001:000143C0       TQLControls.GetItem
 0001:000143D4       TQLControls.GetOwner
 0001:000143D8       TQLControls.SetItem
 0001:00010FAC       TQLCustomDBGrid.AdjustColumns
 0001:00011114       TQLCustomDBGrid.AggregateListChanged
 0001:0001111C       TQLCustomDBGrid.AggregateListRecalcAll
 0001:00011140       TQLCustomDBGrid.CalcTitleOffset
 0001:000111D4       TQLCustomDBGrid.CanEditShow
 0001:00011318       TQLCustomDBGrid.CellToCol
 0001:00011324       TQLCustomDBGrid.ClearControls
 0001:00011398       TQLCustomDBGrid.ClearCurrentControl
 0001:000113D0       TQLCustomDBGrid.CMColorChanged
 0001:000113E0       TQLCustomDBGrid.ColumnMoved
 0001:000113FC       TQLCustomDBGrid.ColWidthsChanged
 0001:00011418       TQLCustomDBGrid.ControlKeyDown
 0001:000114FC       TQLCustomDBGrid.ControlWndProc
 0001:00010E24       TQLCustomDBGrid.Create
 0001:0001192C       TQLCustomDBGrid.CreateColumns
 0001:00011944       TQLCustomDBGrid.CreateDataLink
 0001:00011954       TQLCustomDBGrid.CreateEditor
 0001:00011964       TQLCustomDBGrid.DefaultDrawFooterCell
 0001:00010F4C       TQLCustomDBGrid.Destroy
 0001:0001296C       TQLCustomDBGrid.DrawCell
 0001:00012E70       TQLCustomDBGrid.FooterFontChanged
 0001:00012E98       TQLCustomDBGrid.GetClientRect
 0001:00012EAC       TQLCustomDBGrid.GetColumns
 0001:00012EB4       TQLCustomDBGrid.GetEditStyle
 0001:00012FB4       TQLCustomDBGrid.GetFooterParams
 0001:00012FF4       TQLCustomDBGrid.GetFooterValue
 0001:00013338       TQLCustomDBGrid.GetRecordCount
 0001:00013354       TQLCustomDBGrid.InvalidateFooter
 0001:00013380       TQLCustomDBGrid.IsEditing
 0001:000133BC       TQLCustomDBGrid.IsPopupShowing
 0001:00013448       TQLCustomDBGrid.KeyDown
 0001:00013530       TQLCustomDBGrid.LayoutChanged
 0001:00013550       TQLCustomDBGrid.LinkActive
 0001:0001358C       TQLCustomDBGrid.Loaded
 0001:000135B8       TQLCustomDBGrid.MaxFixed
 0001:000135D4       TQLCustomDBGrid.MouseDown
 0001:00013660       TQLCustomDBGrid.MouseUp
 0001:0001367C       TQLCustomDBGrid.Notification
 0001:00013708       TQLCustomDBGrid.Paint
 0001:00013710       TQLCustomDBGrid.PlaceControl
 0001:00014278       TQLCustomDBGrid.RecalcFooter
 0001:000138F4       TQLCustomDBGrid.RepositionControl
 0001:000139F0       TQLCustomDBGrid.Resize
 0001:00013A08       TQLCustomDBGrid.RowHeightsChanged
 0001:00013A30       TQLCustomDBGrid.Scroll
 0001:00013A44       TQLCustomDBGrid.SelectCell
 0001:00013B58       TQLCustomDBGrid.SendSizeMessage
 0001:00013BA4       TQLCustomDBGrid.SetAggregateList
 0001:00013BB4       TQLCustomDBGrid.SetAlternateColor
 0001:00013BD4       TQLCustomDBGrid.SetColumnAttributes
 0001:00013D60       TQLCustomDBGrid.SetColumns
 0001:00013D68       TQLCustomDBGrid.SetCurrencyView
 0001:00013D74       TQLCustomDBGrid.SetFooterColor
 0001:00013DA4       TQLCustomDBGrid.SetFooterFont
 0001:00013DC8       TQLCustomDBGrid.SetFooterRowCount
 0001:00013DEC       TQLCustomDBGrid.SetOptionsEx
 0001:00013E40       TQLCustomDBGrid.SizeChanged
 0001:00013E54       TQLCustomDBGrid.UpdateControls
 0001:00013E5C       TQLCustomDBGrid.UpdateRowCount
 0001:000140B0       TQLCustomDBGrid.UpdateScrollBar
 0001:000141F8       TQLCustomDBGrid.WMChar
 0001:00014258       TQLCustomDBGrid.WMHScroll
 0001:00014270       TQLCustomDBGrid.WMSize
 0001:00014E94       TQLCustomDBGrid.WMVScroll
 0001:000088AC       TQLCustomDBLookupComboBox.CloseUp
 0001:000089BC       TQLCustomDBLookupComboBox.CMBiDiModeChanged
 0001:000089D8       TQLCustomDBLookupComboBox.CMCancelMode
 0001:000089F4       TQLCustomDBLookupComboBox.CMCtl3DChanged
 0001:00008A20       TQLCustomDBLookupComboBox.CMDialogKey
 0001:00008A64       TQLCustomDBLookupComboBox.CMFontChanged
 0001:00008A7C       TQLCustomDBLookupComboBox.CMGetDataLink
 0001:000087F4       TQLCustomDBLookupComboBox.Create
 0001:00008A88       TQLCustomDBLookupComboBox.CreateDataList
 0001:00008A98       TQLCustomDBLookupComboBox.CreateParams
 0001:00008AD0       TQLCustomDBLookupComboBox.DropDown
 0001:00008D88       TQLCustomDBLookupComboBox.ExecuteAction
 0001:00008DC4       TQLCustomDBLookupComboBox.KeyDown
 0001:00008EF4       TQLCustomDBLookupComboBox.KeyPress
 0001:00008EFC       TQLCustomDBLookupComboBox.KeyValueChanged
 0001:00008FD0       TQLCustomDBLookupComboBox.ListMouseUp
 0001:00009020       TQLCustomDBLookupComboBox.MouseDown
 0001:000090A8       TQLCustomDBLookupComboBox.MouseMove
 0001:00009170       TQLCustomDBLookupComboBox.MouseUp
 0001:000091A0       TQLCustomDBLookupComboBox.Paint
 0001:00009458       TQLCustomDBLookupComboBox.SetBounds
 0001:00009498       TQLCustomDBLookupComboBox.StopTracking
 0001:000094C4       TQLCustomDBLookupComboBox.TrackButton
 0001:0000953C       TQLCustomDBLookupComboBox.UpdateAction
 0001:00009578       TQLCustomDBLookupComboBox.UpdateListFields
 0001:00009590       TQLCustomDBLookupComboBox.UseRightToLeftAlignment
 0001:0000959C       TQLCustomDBLookupComboBox.WMCancelMode
 0001:000095B8       TQLCustomDBLookupComboBox.WMKillFocus
 0001:00018660       TQLDBFilterDialog.CanUseFilterCondition
 0001:000183F4       TQLDBFilterDialog.Create
 0001:000188B8       TQLDBFilterDialog.DataSetFilterRecord
 0001:00018620       TQLDBFilterDialog.Destroy
 0001:00019660       TQLDBFilterDialog.Execute
 0001:000197C4       TQLDBFilterDialog.FilterStringsChange
 0001:00018D9C       TQLDBFilterDialog.GetFilter
 0001:000192A8       TQLDBFilterDialog.GetFilterDescriptions
 0001:00019490       TQLDBFilterDialog.GetFilterFields
 0001:000194E4       TQLDBFilterDialog.SetDataSet
 0001:000194A4       TQLDBFilterDialog.SetFilterFields
 0001:000194C4       TQLDBFilterDialog.SetTitle
 0001:00017C30       TQLDBFilterForm.btnAddToListClick
 0001:00017DDC       TQLDBFilterForm.btnDeleteClick
 0001:00017E20       TQLDBFilterForm.btnNewConditionsClick
 0001:00019838       TQLDBFilterForm.btnOKClick
 0001:00018204       TQLDBFilterForm.cbFieldsChange
 0001:00017BD0       TQLDBFilterForm.Create
 0001:00018200       TQLDBFilterForm.edtValueChange
 0001:00018020       TQLDBFilterForm.lbFilterDblClick
 0001:00017E30       TQLDBFilterForm.lbFilterDrawItem
 0001:00014D84       TQLDBGridAggregateList.Create
 0001:00014DC8       TQLDBGridAggregateList.GetActive
 0001:00014DCC       TQLDBGridAggregateList.SetActive
 0001:00014DD4       TQLDBGridColumns.ColumnByFieldName
 0001:00014E4C       TQLDBGridColumns.GetColumn
 0001:00014E60       TQLDBGridColumns.SetColumn
 0001:00014E68       TQLDBGridDataLink.GetGrid
 0001:00014E6C       TQLDBGridDataLink.SetBufferCount
 0001:000106D0       TQLDBGridInplaceEdit.CloseUp
 0001:00010684       TQLDBGridInplaceEdit.Create
 0001:000108B8       TQLDBGridInplaceEdit.DoEditButtonClick
 0001:000108CC       TQLDBGridInplaceEdit.DropDown
 0001:00010A10       TQLDBGridInplaceEdit.KeyDown
 0001:00010A44       TQLDBGridInplaceEdit.UpdateContents
 0001:00016148       TQLDBGridReportBuilder.Build
 0001:00016FE8       TQLDBGridReportBuilder.BuildList
 0001:000164F4       TQLDBGridReportBuilder.Create
 0001:00016554       TQLDBGridReportBuilder.Destroy
 0001:00017418       TQLDBGridReportBuilder.GetReport
 0001:000173C8       TQLDBGridReportBuilder.Notification
 0001:000160EC       TQLDBGridReportBuilder.SetActive
 0001:00017440       TQLDBGridReportBuilder.SetDBGrid
 0001:0001741C       TQLDBGridReportBuilder.SetReport
 0001:00009750       TQLDBLookupComboBox.ButtonClick
 0001:000097D8       TQLDBLookupComboBox.ButtonPanelResize
 0001:00009880       TQLDBLookupComboBox.ClickHandler
 0001:00009898       TQLDBLookupComboBox.CloseUp
 0001:00009970       TQLDBLookupComboBox.CMCancelMode
 0001:000095D0       TQLDBLookupComboBox.Create
 0001:000099B4       TQLDBLookupComboBox.CreateDataList
 0001:00009718       TQLDBLookupComboBox.Destroy
 0001:000099C4       TQLDBLookupComboBox.DoEnter
 0001:00009A10       TQLDBLookupComboBox.DropDown
 0001:00009E2C       TQLDBLookupComboBox.EditChange
 0001:00009FAC       TQLDBLookupComboBox.EditKeyDown
 0001:0000A1F8       TQLDBLookupComboBox.EditKeyPress
 0001:0000A214       TQLDBLookupComboBox.GetButtons
 0001:0000A220       TQLDBLookupComboBox.InitButtons
 0001:0000A328       TQLDBLookupComboBox.KeyPress
 0001:0000A3D0       TQLDBLookupComboBox.KeyValueChanged
 0001:0000A418       TQLDBLookupComboBox.ListDataSetFilterRecord
 0001:0000A59C       TQLDBLookupComboBox.ProcessSearchKey
 0001:0000A6CC       TQLDBLookupComboBox.ProcessSearchText
 0001:0000AAE8       TQLDBLookupComboBox.SetSearchMode
 0001:0000AB14       TQLDBLookupComboBox.SetVisibleButtons
 0001:0000AB54       TQLDBLookupComboBox.ShowPrompt
 0001:0000ABD8       TQLDBLookupComboBox.UpdateBounds
 0001:0000AC88       TQLDBLookupComboBox.UpdateDataFields
 0001:0000AD10       TQLDBLookupComboBox.UpdateListFields
 0001:0000ADA0       TQLDBLookupComboBox.WMKillFocus
 0001:0000ADFC       TQLDBLookupComboBox.WMSetFocus
 0001:0000AE34       TQLDBLookupComboBox.WMSize
 0001:00006C24       TQLDBLookupControl.CanModify
 0001:00006C68       TQLDBLookupControl.CheckNotCircular
 0001:00006CE0       TQLDBLookupControl.CheckNotLookup
 0001:00006D64       TQLDBLookupControl.CMEnabledChanged
 0001:00006AA8       TQLDBLookupControl.Create
 0001:00006D78       TQLDBLookupControl.DataLinkRecordChanged
 0001:00006BBC       TQLDBLookupControl.Destroy
 0001:00006E04       TQLDBLookupControl.ExecuteAction
 0001:00006E40       TQLDBLookupControl.GetBorderSize
 0001:00006E94       TQLDBLookupControl.GetDataSource
 0001:00006EA0       TQLDBLookupControl.GetKeyFieldName
 0001:00006ECC       TQLDBLookupControl.GetListSource
 0001:00006EE4       TQLDBLookupControl.GetReadOnly
 0001:00006EF0       TQLDBLookupControl.GetTextHeight
 0001:00006F30       TQLDBLookupControl.KeyValueChanged
 0001:00006F34       TQLDBLookupControl.ListLinkDataChanged
 0001:00006F38       TQLDBLookupControl.LocateKey
 0001:00007014       TQLDBLookupControl.Notification
 0001:0000706C       TQLDBLookupControl.ProcessSearchKey
 0001:000072B0       TQLDBLookupControl.SelectKeyValue
 0001:00007304       TQLDBLookupControl.SetDataFieldName
 0001:00007334       TQLDBLookupControl.SetDataSource
 0001:00007364       TQLDBLookupControl.SetKeyFieldName
 0001:0000739C       TQLDBLookupControl.SetKeyValue
 0001:000073D0       TQLDBLookupControl.SetListFieldName
 0001:00007400       TQLDBLookupControl.SetListSource
 0001:0000742C       TQLDBLookupControl.SetLookupMode
 0001:000074D8       TQLDBLookupControl.SetReadOnly
 0001:000074E4       TQLDBLookupControl.UpdateAction
 0001:00007520       TQLDBLookupControl.UpdateDataFields
 0001:000075C8       TQLDBLookupControl.UpdateListFields
 0001:000077D8       TQLDBLookupControl.WMGetDlgCode
 0001:000077E0       TQLDBLookupControl.WMKillFocus
 0001:000077FC       TQLDBLookupControl.WMSetFocus
 0001:000078B4       TQLDBLookupListBox.CMCtl3DChanged
 0001:000078F0       TQLDBLookupListBox.CMFontChanged
 0001:00007828       TQLDBLookupListBox.Create
 0001:00007908       TQLDBLookupListBox.CreateParams
 0001:00007948       TQLDBLookupListBox.CreateWnd
 0001:0000788C       TQLDBLookupListBox.Destroy
 0001:0000795C       TQLDBLookupListBox.ExecuteAction
 0001:00007998       TQLDBLookupListBox.GetKeyIndex
 0001:00007A3C       TQLDBLookupListBox.KeyDown
 0001:00007B60       TQLDBLookupListBox.KeyPress
 0001:00007B80       TQLDBLookupListBox.KeyValueChanged
 0001:00007C18       TQLDBLookupListBox.ListLinkDataChanged
 0001:00007CAC       TQLDBLookupListBox.MouseDown
 0001:00007D60       TQLDBLookupListBox.MouseMove
 0001:00007DA8       TQLDBLookupListBox.MouseUp
 0001:00007DF0       TQLDBLookupListBox.Paint
 0001:0000817C       TQLDBLookupListBox.SelectCurrent
 0001:00008210       TQLDBLookupListBox.SelectItemAt
 0001:00008268       TQLDBLookupListBox.SetBorderStyle
 0001:00008290       TQLDBLookupListBox.SetBounds
 0001:00008314       TQLDBLookupListBox.SetRowCount
 0001:00008358       TQLDBLookupListBox.StopTimer
 0001:0000837C       TQLDBLookupListBox.StopTracking
 0001:000083A4       TQLDBLookupListBox.TimerScroll
 0001:0000843C       TQLDBLookupListBox.UpdateAction
 0001:00008478       TQLDBLookupListBox.UpdateListFields
 0001:000084D4       TQLDBLookupListBox.UpdateScrollBar
 0001:00008600       TQLDBLookupListBox.UseRightToLeftAlignment
 0001:0000860C       TQLDBLookupListBox.WMCancelMode
 0001:00008628       TQLDBLookupListBox.WMTimer
 0001:00008630       TQLDBLookupListBox.WMVScroll
 0001:0000B204       TQLLookupComboEdit.Create
 0001:0000B248       TQLLookupComboEdit.WMKillFocus
 0001:0000B274       TQLLookupComboEdit.WMSetFocus
 0001:0000876C       TQLPopupDataList.Create
 0001:000087B8       TQLPopupDataList.CreateParams
 0001:000087EC       TQLPopupDataList.WMMouseActivate
 0001:0000AE48       TQLPopupDataListEx.ProcessSearchKey
 0001:0000AF48       TQLPopupDataListEx.ProcessSearchText
 0001:00015B58       TQRDBText.Create
 0001:00015C0C       TQRDBText.Loaded
 0001:00015C90       TQRDBText.Notification
 0001:00015D10       TQRDBText.Prepare
 0001:00015DAC       TQRDBText.Print
 0001:00015BB0       TQRDBText.SetDataField
 0001:00015B9C       TQRDBText.SetDataSet
 0001:00015CC0       TQRDBText.SetMask
 0001:000160A8       TQRDBText.Unprepare
 0001:000160E0       TQRDBText.UseRightToLeftAlignment
 0001:00000334       UninitializeModule
 0001:0000129C       UrlMon
 0002:000010B8       UserCount
 0001:00010B48       UsesBitmap
 0001:00018C94       ValueToFilterText
 0001:00006A60       VarEquals
 0001:0000086C       Windows
 0001:000012D4       WinInet
 0001:000014CC       WinSpool
 0001:00010BB4       WriteText
 0002:00000048       ZM


  Address         Publics by Value

 0002:FFBE5000       TlsLast
 0001:00000220       FreeLibrary
 0001:00000228       LocalAlloc
 0001:00000230       LocalFree
 0001:00000238       TlsAlloc
 0001:00000240       TlsFree
 0001:00000248       TlsGetValue
 0001:00000250       TlsSetValue
 0001:00000258       AllocTlsBuffer
 0001:00000264       GetTlsSize
 0001:0000026C       InitThreadTLS
 0001:000002B0       InitProcessTLS
 0001:000002DC       ExitThreadTLS
 0001:00000304       ExitProcessTLS
 0001:00000328       InitializeModule
 0001:00000334       UninitializeModule
 0001:00000358       @InitPkg
 0001:000003BC       @PackageLoad
 0001:000003C8       @PackageUnload
 0001:000003D4       Finalization
 0001:00000404       SysInit
 0001:0000072C       GetTickCount
 0001:00000734       CreateFontIndirect
 0001:0000073C       GetNearestColor
 0001:00000744       GetObject
 0001:0000074C       GetTextMetrics
 0001:00000754       SelectObject
 0001:0000075C       SetBkMode
 0001:00000764       AdjustWindowRectEx
 0001:0000076C       DrawFocusRect
 0001:00000774       DrawFrameControl
 0001:0000077C       DrawText
 0001:00000784       GetCapture
 0001:0000078C       GetDC
 0001:00000794       GetDesktopWindow
 0001:0000079C       GetKeyState
 0001:000007A4       GetParent
 0001:000007AC       GetScrollInfo
 0001:000007B4       GetSystemMetrics
 0001:000007BC       KillTimer
 0001:000007C4       OffsetRect
 0001:000007CC       PeekMessage
 0001:000007D4       PostMessage
 0001:000007DC       PostQuitMessage
 0001:000007E4       PtInRect
 0001:000007EC       ReleaseDC
 0001:000007F4       SendMessage
 0001:000007FC       SetRect
 0001:00000804       SetScrollInfo
 0001:0000080C       SetTimer
 0001:00000814       SetWindowPos
 0001:0000081C       ShowScrollBar
 0001:00000824       PointToSmallPoint
 0001:0000083C       Finalization
 0001:0000086C       Windows
 0001:00000884       Finalization
 0001:000008B4       Messages
 0001:00000EF4       Finalization
 0001:00000F24       CommCtrl
 0001:0000119C       Finalization
 0001:000011CC       Imm
 0001:00001234       Finalization
 0001:00001264       ShlObj
 0001:0000126C       Finalization
 0001:0000129C       UrlMon
 0001:000012A4       Finalization
 0001:000012D4       WinInet
 0001:000012DC       Finalization
 0001:0000130C       RegStr
 0001:00001314       Finalization
 0001:00001344       ShellAPI
 0001:0000149C       Finalization
 0001:000014CC       WinSpool
 0001:000014D4       Finalization
 0001:00001504       CommDlg
 0001:0000150C       Finalization
 0001:0000153C       Dlgs
 0001:00001594       Finalization
 0001:000015C4       RichEdit
 0001:0000222C       TQLAggregateListProducer.Create
 0001:0000229C       TQLAggregateListProducer.Destroy
 0001:000022DC       TQLAggregateListProducer.Assign
 0001:00002348       TQLAggregateListProducer.GetMasterDataSet
 0001:000023C0       TQLAggregateListProducer.ResetMasterInfo
 0001:00002468       TQLAggregateListProducer.SetDataSetEvents
 0001:00002634       TQLAggregateListProducer.ReturnEvents
 0001:000027A8       TQLAggregateListProducer.SetDataSet
 0001:000027F4       TQLAggregateListProducer.Loaded
 0001:00002808       TQLAggregateListProducer.RecalcAll
 0001:00002ADC       TQLAggregateListProducer.DataSetAfterEdit
 0001:00002B84       TQLAggregateListProducer.DataSetAfterInsert
 0001:00002C34       TQLAggregateListProducer.DataSetAfterOpen
 0001:00002C5C       TQLAggregateListProducer.DataSetAfterPost
 0001:00002E74       TQLAggregateListProducer.DataSetAfterScroll
 0001:00002EC0       TQLAggregateListProducer.DataSetBeforeDelete
 0001:00002FF4       TQLAggregateListProducer.DataSetAfterClose
 0001:00003030       TQLAggregateListProducer.SetAggregates
 0001:00003040       TQLAggregateListProducer.SetActive
 0001:0000306C       TQLAggregateListProducer.Activate
 0001:000030A4       TQLAggregateListProducer.Deactivate
 0001:000030DC       TQLAggregateListProducer.DoChanged
 0001:000030F0       TQLAggregateListProducer.ClearAggregateValues
 0001:00003130       TQLAggregateListProducer.SetExternalRecalc
 0001:00003144       TQLAggregateListProducer.MasterDataSetAfterScroll
 0001:00003174       TQLAggregateListProducer.DataSetAfterCancel
 0001:00003194       TQLAggregateListProducer.GetOwner
 0001:00003198       TQLAggregateListProducer.Update
 0001:000031B0       TQLAggregateListProducer.SetVirtualRecords
 0001:000031CC       TQLAggregateListProducer.GetRecNo
 0001:0000324C       TQLAggregateListProducer.SetRecNo
 0001:00003298       TQLAggregateListProducer.RecordCount
 0001:000032DC       TQLAggregateListProducer.IsSequenced
 0001:00003330       TQLAggregateListProducer.FindVirtualRecord
 0001:000033F4       TQLAggregate.Assign
 0001:0000344C       TQLAggregate.SetFieldName
 0001:00003474       TQLAggregate.SetAggregateType
 0001:00003484       TQLAggregates.GetOwner
 0001:00003488       TQLAggregates.GetItem
 0001:0000349C       TQLAggregates.SetItem
 0001:000034A4       TQLAggregates.Update
 0001:000034B0       TQLAggregates.FindAggregate
 0001:00003550       TQLAggregateList.Create
 0001:00003598       TQLAggregateList.Destroy
 0001:000035C8       TQLAggregateList.Activate
 0001:000035D4       TQLAggregateList.ClearAggregateValues
 0001:000035E4       TQLAggregateList.DataSetAfterClose
 0001:000035F0       TQLAggregateList.DataSetAfterEdit
 0001:000035FC       TQLAggregateList.DataSetAfterInsert
 0001:00003608       TQLAggregateList.DataSetAfterOpen
 0001:00003614       TQLAggregateList.DataSetAfterPost
 0001:00003620       TQLAggregateList.DataSetAfterScroll
 0001:0000362C       TQLAggregateList.DataSetBeforeDelete
 0001:00003638       TQLAggregateList.Deactivate
 0001:00003644       TQLAggregateList.DoChanged
 0001:00003650       TQLAggregateList.Loaded
 0001:00003664       TQLAggregateList.MasterDataSetAfterScroll
 0001:00003670       TQLAggregateList.RecalcAll
 0001:00003680       TQLAggregateList.SetActive
 0001:0000368C       TQLAggregateList.SetDataSet
 0001:000036AC       TQLAggregateList.SetDataSetEvents
 0001:000036B8       TQLAggregateList.SetExternalRecalc
 0001:000036C4       TQLAggregateList.SetAggregates
 0001:000036D0       TQLAggregateList.GetActive
 0001:000036D8       TQLAggregateList.GetDataSet
 0001:000036E0       TQLAggregateList.GetExternalRecalc
 0001:000036E8       TQLAggregateList.GetOnRecalcAll
 0001:000036F8       TQLAggregateList.GetAggregates
 0001:00003700       TQLAggregateList.GetOnChanged
 0001:00003710       TQLAggregateList.SetOnRecalcAll
 0001:00003728       TQLAggregateList.SetOnChanged
 0001:00003740       TQLAggregateList.IsSequenced
 0001:0000374C       TQLAggregateList.RecordCount
 0001:00003758       TQLAggregateList.SetVirtualRecords
 0001:00003764       TQLAggregateList.GetVirtualRecords
 0001:0000376C       TQLAggregateList.GetRecNo
 0001:00003778       TQLAggregateList.SetRecNo
 0001:00003784       TQLAggregateList.Notification
 0001:000037C8       TQLAggregate.GetField
 0001:000037CC       TQLAggregate.SetField
 0001:000037D0       TQLAggregates.Add
 0001:000037DC       Finalization
 0001:0000380C       QLDBAgg
 0001:00006314       THZBMTable.IndexOfHZ
 0001:000063F4       LeadBytePos
 0001:00006430       GetPY
 0001:00006600       GetHZPYM
 0001:000067D8       GetHZWBM
 0001:00006930       TDataSourceLink.Create
 0001:0000696C       TDataSourceLink.ActiveChanged
 0001:00006980       TDataSourceLink.FocusControl
 0001:000069C4       TDataSourceLink.LayoutChanged
 0001:000069D8       TDataSourceLink.RecordChanged
 0001:000069E8       TListSourceLink.Create
 0001:00006A24       TListSourceLink.ActiveChanged
 0001:00006A38       TListSourceLink.DataSetChanged
 0001:00006A4C       TListSourceLink.LayoutChanged
 0001:00006A60       VarEquals
 0001:00006AA8       TQLDBLookupControl.Create
 0001:00006BBC       TQLDBLookupControl.Destroy
 0001:00006C24       TQLDBLookupControl.CanModify
 0001:00006C68       TQLDBLookupControl.CheckNotCircular
 0001:00006CE0       TQLDBLookupControl.CheckNotLookup
 0001:00006D64       TQLDBLookupControl.CMEnabledChanged
 0001:00006D78       TQLDBLookupControl.DataLinkRecordChanged
 0001:00006E04       TQLDBLookupControl.ExecuteAction
 0001:00006E40       TQLDBLookupControl.GetBorderSize
 0001:00006E94       TQLDBLookupControl.GetDataSource
 0001:00006EA0       TQLDBLookupControl.GetKeyFieldName
 0001:00006ECC       TQLDBLookupControl.GetListSource
 0001:00006EE4       TQLDBLookupControl.GetReadOnly
 0001:00006EF0       TQLDBLookupControl.GetTextHeight
 0001:00006F30       TQLDBLookupControl.KeyValueChanged
 0001:00006F34       TQLDBLookupControl.ListLinkDataChanged
 0001:00006F38       TQLDBLookupControl.LocateKey
 0001:00007014       TQLDBLookupControl.Notification
 0001:0000706C       TQLDBLookupControl.ProcessSearchKey
 0001:000072B0       TQLDBLookupControl.SelectKeyValue
 0001:00007304       TQLDBLookupControl.SetDataFieldName
 0001:00007334       TQLDBLookupControl.SetDataSource
 0001:00007364       TQLDBLookupControl.SetKeyFieldName
 0001:0000739C       TQLDBLookupControl.SetKeyValue
 0001:000073D0       TQLDBLookupControl.SetListFieldName
 0001:00007400       TQLDBLookupControl.SetListSource
 0001:0000742C       TQLDBLookupControl.SetLookupMode
 0001:000074D8       TQLDBLookupControl.SetReadOnly
 0001:000074E4       TQLDBLookupControl.UpdateAction
 0001:00007520       TQLDBLookupControl.UpdateDataFields
 0001:000075C8       TQLDBLookupControl.UpdateListFields
 0001:000077D8       TQLDBLookupControl.WMGetDlgCode
 0001:000077E0       TQLDBLookupControl.WMKillFocus
 0001:000077FC       TQLDBLookupControl.WMSetFocus
 0001:00007828       TQLDBLookupListBox.Create
 0001:0000788C       TQLDBLookupListBox.Destroy
 0001:000078B4       TQLDBLookupListBox.CMCtl3DChanged
 0001:000078F0       TQLDBLookupListBox.CMFontChanged
 0001:00007908       TQLDBLookupListBox.CreateParams
 0001:00007948       TQLDBLookupListBox.CreateWnd
 0001:0000795C       TQLDBLookupListBox.ExecuteAction
 0001:00007998       TQLDBLookupListBox.GetKeyIndex
 0001:00007A3C       TQLDBLookupListBox.KeyDown
 0001:00007B60       TQLDBLookupListBox.KeyPress
 0001:00007B80       TQLDBLookupListBox.KeyValueChanged
 0001:00007C18       TQLDBLookupListBox.ListLinkDataChanged
 0001:00007CAC       TQLDBLookupListBox.MouseDown
 0001:00007D60       TQLDBLookupListBox.MouseMove
 0001:00007DA8       TQLDBLookupListBox.MouseUp
 0001:00007DF0       TQLDBLookupListBox.Paint
 0001:0000817C       TQLDBLookupListBox.SelectCurrent
 0001:00008210       TQLDBLookupListBox.SelectItemAt
 0001:00008268       TQLDBLookupListBox.SetBorderStyle
 0001:00008290       TQLDBLookupListBox.SetBounds
 0001:00008314       TQLDBLookupListBox.SetRowCount
 0001:00008358       TQLDBLookupListBox.StopTimer
 0001:0000837C       TQLDBLookupListBox.StopTracking
 0001:000083A4       TQLDBLookupListBox.TimerScroll
 0001:0000843C       TQLDBLookupListBox.UpdateAction
 0001:00008478       TQLDBLookupListBox.UpdateListFields
 0001:000084D4       TQLDBLookupListBox.UpdateScrollBar
 0001:00008600       TQLDBLookupListBox.UseRightToLeftAlignment
 0001:0000860C       TQLDBLookupListBox.WMCancelMode
 0001:00008628       TQLDBLookupListBox.WMTimer
 0001:00008630       TQLDBLookupListBox.WMVScroll
 0001:0000876C       TQLPopupDataList.Create
 0001:000087B8       TQLPopupDataList.CreateParams
 0001:000087EC       TQLPopupDataList.WMMouseActivate
 0001:000087F4       TQLCustomDBLookupComboBox.Create
 0001:000088AC       TQLCustomDBLookupComboBox.CloseUp
 0001:000089BC       TQLCustomDBLookupComboBox.CMBiDiModeChanged
 0001:000089D8       TQLCustomDBLookupComboBox.CMCancelMode
 0001:000089F4       TQLCustomDBLookupComboBox.CMCtl3DChanged
 0001:00008A20       TQLCustomDBLookupComboBox.CMDialogKey
 0001:00008A64       TQLCustomDBLookupComboBox.CMFontChanged
 0001:00008A7C       TQLCustomDBLookupComboBox.CMGetDataLink
 0001:00008A88       TQLCustomDBLookupComboBox.CreateDataList
 0001:00008A98       TQLCustomDBLookupComboBox.CreateParams
 0001:00008AD0       TQLCustomDBLookupComboBox.DropDown
 0001:00008D88       TQLCustomDBLookupComboBox.ExecuteAction
 0001:00008DC4       TQLCustomDBLookupComboBox.KeyDown
 0001:00008EF4       TQLCustomDBLookupComboBox.KeyPress
 0001:00008EFC       TQLCustomDBLookupComboBox.KeyValueChanged
 0001:00008FD0       TQLCustomDBLookupComboBox.ListMouseUp
 0001:00009020       TQLCustomDBLookupComboBox.MouseDown
 0001:000090A8       TQLCustomDBLookupComboBox.MouseMove
 0001:00009170       TQLCustomDBLookupComboBox.MouseUp
 0001:000091A0       TQLCustomDBLookupComboBox.Paint
 0001:00009458       TQLCustomDBLookupComboBox.SetBounds
 0001:00009498       TQLCustomDBLookupComboBox.StopTracking
 0001:000094C4       TQLCustomDBLookupComboBox.TrackButton
 0001:0000953C       TQLCustomDBLookupComboBox.UpdateAction
 0001:00009578       TQLCustomDBLookupComboBox.UpdateListFields
 0001:00009590       TQLCustomDBLookupComboBox.UseRightToLeftAlignment
 0001:0000959C       TQLCustomDBLookupComboBox.WMCancelMode
 0001:000095B8       TQLCustomDBLookupComboBox.WMKillFocus
 0001:000095D0       TQLDBLookupComboBox.Create
 0001:00009718       TQLDBLookupComboBox.Destroy
 0001:00009750       TQLDBLookupComboBox.ButtonClick
 0001:000097D8       TQLDBLookupComboBox.ButtonPanelResize
 0001:00009880       TQLDBLookupComboBox.ClickHandler
 0001:00009898       TQLDBLookupComboBox.CloseUp
 0001:00009970       TQLDBLookupComboBox.CMCancelMode
 0001:000099B4       TQLDBLookupComboBox.CreateDataList
 0001:000099C4       TQLDBLookupComboBox.DoEnter
 0001:00009A10       TQLDBLookupComboBox.DropDown
 0001:00009E2C       TQLDBLookupComboBox.EditChange
 0001:00009FAC       TQLDBLookupComboBox.EditKeyDown
 0001:0000A1F8       TQLDBLookupComboBox.EditKeyPress
 0001:0000A214       TQLDBLookupComboBox.GetButtons
 0001:0000A220       TQLDBLookupComboBox.InitButtons
 0001:0000A328       TQLDBLookupComboBox.KeyPress
 0001:0000A3D0       TQLDBLookupComboBox.KeyValueChanged
 0001:0000A418       TQLDBLookupComboBox.ListDataSetFilterRecord
 0001:0000A59C       TQLDBLookupComboBox.ProcessSearchKey
 0001:0000A6CC       TQLDBLookupComboBox.ProcessSearchText
 0001:0000AAE8       TQLDBLookupComboBox.SetSearchMode
 0001:0000AB14       TQLDBLookupComboBox.SetVisibleButtons
 0001:0000AB54       TQLDBLookupComboBox.ShowPrompt
 0001:0000ABD8       TQLDBLookupComboBox.UpdateBounds
 0001:0000AC88       TQLDBLookupComboBox.UpdateDataFields
 0001:0000AD10       TQLDBLookupComboBox.UpdateListFields
 0001:0000ADA0       TQLDBLookupComboBox.WMKillFocus
 0001:0000ADFC       TQLDBLookupComboBox.WMSetFocus
 0001:0000AE34       TQLDBLookupComboBox.WMSize
 0001:0000AE48       TQLPopupDataListEx.ProcessSearchKey
 0001:0000AF48       TQLPopupDataListEx.ProcessSearchText
 0001:0000B188       TPopupPanel.Create
 0001:0000B1D0       TPopupPanel.CreateParams
 0001:0000B1F4       TPopupPanel.CreateWnd
 0001:0000B1FC       TPopupPanel.WMMouseActivate
 0001:0000B204       TQLLookupComboEdit.Create
 0001:0000B248       TQLLookupComboEdit.WMKillFocus
 0001:0000B274       TQLLookupComboEdit.WMSetFocus
 0001:0000B2A0       Finalization
 0001:0000B2FC       QLDBLkp
 0001:00010684       TQLDBGridInplaceEdit.Create
 0001:000106D0       TQLDBGridInplaceEdit.CloseUp
 0001:000108B8       TQLDBGridInplaceEdit.DoEditButtonClick
 0001:000108CC       TQLDBGridInplaceEdit.DropDown
 0001:00010A10       TQLDBGridInplaceEdit.KeyDown
 0001:00010A44       TQLDBGridInplaceEdit.UpdateContents
 0001:00010B48       UsesBitmap
 0001:00010B6C       ReleaseBitmap
 0001:00010B88       ReadOnlyField
 0001:00010BB4       WriteText
 0001:00010DF8       GridInvalidateRow
 0001:00010E24       TQLCustomDBGrid.Create
 0001:00010F4C       TQLCustomDBGrid.Destroy
 0001:00010FAC       TQLCustomDBGrid.AdjustColumns
 0001:00011114       TQLCustomDBGrid.AggregateListChanged
 0001:0001111C       TQLCustomDBGrid.AggregateListRecalcAll
 0001:00011140       TQLCustomDBGrid.CalcTitleOffset
 0001:000111D4       TQLCustomDBGrid.CanEditShow
 0001:00011318       TQLCustomDBGrid.CellToCol
 0001:00011324       TQLCustomDBGrid.ClearControls
 0001:00011398       TQLCustomDBGrid.ClearCurrentControl
 0001:000113D0       TQLCustomDBGrid.CMColorChanged
 0001:000113E0       TQLCustomDBGrid.ColumnMoved
 0001:000113FC       TQLCustomDBGrid.ColWidthsChanged
 0001:00011418       TQLCustomDBGrid.ControlKeyDown
 0001:000114C0       MyKeyDataToShiftState
 0001:000114FC       TQLCustomDBGrid.ControlWndProc
 0001:0001192C       TQLCustomDBGrid.CreateColumns
 0001:00011944       TQLCustomDBGrid.CreateDataLink
 0001:00011954       TQLCustomDBGrid.CreateEditor
 0001:00011964       TQLCustomDBGrid.DefaultDrawFooterCell
 0001:00011AD8       DrawCurrencyTitleCell
 0001:00011CF8       DrawCurrencyRect
 0001:00011ED0       DrawCurrencyRect
 0001:00011F7C       DrawCurrencyCell
 0001:00012214       DrawFooterCell
 0001:0001261C       DrawDataCell
 0001:0001296C       TQLCustomDBGrid.DrawCell
 0001:00012E70       TQLCustomDBGrid.FooterFontChanged
 0001:00012E98       TQLCustomDBGrid.GetClientRect
 0001:00012EAC       TQLCustomDBGrid.GetColumns
 0001:00012EB4       TQLCustomDBGrid.GetEditStyle
 0001:00012FB4       TQLCustomDBGrid.GetFooterParams
 0001:00012FF4       TQLCustomDBGrid.GetFooterValue
 0001:00013338       TQLCustomDBGrid.GetRecordCount
 0001:00013354       TQLCustomDBGrid.InvalidateFooter
 0001:00013380       TQLCustomDBGrid.IsEditing
 0001:000133BC       TQLCustomDBGrid.IsPopupShowing
 0001:00013448       TQLCustomDBGrid.KeyDown
 0001:00013530       TQLCustomDBGrid.LayoutChanged
 0001:00013550       TQLCustomDBGrid.LinkActive
 0001:0001358C       TQLCustomDBGrid.Loaded
 0001:000135B8       TQLCustomDBGrid.MaxFixed
 0001:000135D4       TQLCustomDBGrid.MouseDown
 0001:00013660       TQLCustomDBGrid.MouseUp
 0001:0001367C       TQLCustomDBGrid.Notification
 0001:00013708       TQLCustomDBGrid.Paint
 0001:00013710       TQLCustomDBGrid.PlaceControl
 0001:000138F4       TQLCustomDBGrid.RepositionControl
 0001:000139F0       TQLCustomDBGrid.Resize
 0001:00013A08       TQLCustomDBGrid.RowHeightsChanged
 0001:00013A30       TQLCustomDBGrid.Scroll
 0001:00013A44       TQLCustomDBGrid.SelectCell
 0001:00013B58       TQLCustomDBGrid.SendSizeMessage
 0001:00013BA4       TQLCustomDBGrid.SetAggregateList
 0001:00013BB4       TQLCustomDBGrid.SetAlternateColor
 0001:00013BD4       TQLCustomDBGrid.SetColumnAttributes
 0001:00013D60       TQLCustomDBGrid.SetColumns
 0001:00013D68       TQLCustomDBGrid.SetCurrencyView
 0001:00013D74       TQLCustomDBGrid.SetFooterColor
 0001:00013DA4       TQLCustomDBGrid.SetFooterFont
 0001:00013DC8       TQLCustomDBGrid.SetFooterRowCount
 0001:00013DEC       TQLCustomDBGrid.SetOptionsEx
 0001:00013E40       TQLCustomDBGrid.SizeChanged
 0001:00013E54       TQLCustomDBGrid.UpdateControls
 0001:00013E5C       TQLCustomDBGrid.UpdateRowCount
 0001:000140B0       TQLCustomDBGrid.UpdateScrollBar
 0001:000141F8       TQLCustomDBGrid.WMChar
 0001:00014258       TQLCustomDBGrid.WMHScroll
 0001:00014270       TQLCustomDBGrid.WMSize
 0001:00014278       TQLCustomDBGrid.RecalcFooter
 0001:00014288       TQLControl.Assign
 0001:000142E4       TQLControls.Create
 0001:00014328       TQLControls.Add
 0001:00014334       TQLControls.ControlByField
 0001:000143C0       TQLControls.GetItem
 0001:000143D4       TQLControls.GetOwner
 0001:000143D8       TQLControls.SetItem
 0001:000143E0       TCurrencyView.Assign
 0001:000143E8       TCurrencyView.AssignTo
 0001:0001443C       TCurrencyView.GetOwner
 0001:00014440       TCurrencyView.SetCurrencyTitle
 0001:00014458       TCurrencyView.SetDigitAlignment
 0001:0001446C       TCurrencyView.SetDigitWidth
 0001:00014480       TCurrencyView.SetIntegerSeparateColor
 0001:00014494       TCurrencyView.SetSeparateColor
 0001:000144A8       TCurrencyView.SetThousandSeparateColor
 0001:000144BC       TCurrencyView.SetTitleLines
 0001:000144D0       TQLColumn.Create
 0001:00014524       TQLColumn.Destroy
 0001:0001455C       TQLColumn.Assign
 0001:00014578       TQLColumn.CreateFooter
 0001:00014588       TQLColumn.CreateFooters
 0001:000145A0       TQLColumn.EnsureSumValue
 0001:000145D8       TQLColumn.GetControlType
 0001:000145DC       TQLColumn.GetCustomControl
 0001:000145E0       TQLColumn.SetControlType
 0001:000145EC       TQLColumn.SetCustomControl
 0001:00014654       TQLColumn.SetFooter
 0001:00014664       TQLColumn.SetFooters
 0001:00014674       TQLColumn.UsedFooter
 0001:0001469C       TQLColumnFooter.Create
 0001:00014740       TQLColumnFooter.CreateApart
 0001:000147AC       TQLColumnFooter.Destroy
 0001:00014808       TQLColumnFooter.Assign
 0001:000148A8       TQLColumnFooter.DefaultAlignment
 0001:000148BC       TQLColumnFooter.DefaultColor
 0001:000148D8       TQLColumnFooter.DefaultFont
 0001:000148FC       TQLColumnFooter.EnsureSumValue
 0001:00014A78       TQLColumnFooter.FontChanged
 0001:00014A8C       TQLColumnFooter.GetAlignment
 0001:00014A9C       TQLColumnFooter.GetColor
 0001:00014AAC       TQLColumnFooter.GetFont
 0001:00014B24       TQLColumnFooter.IsAlignmentStored
 0001:00014B44       TQLColumnFooter.IsColorStored
 0001:00014B64       TQLColumnFooter.IsFontStored
 0001:00014B6C       TQLColumnFooter.RefreshDefaultFont
 0001:00014BE4       TQLColumnFooter.RestoreDefaults
 0001:00014C10       TQLColumnFooter.SetAlignment
 0001:00014C34       TQLColumnFooter.SetColor
 0001:00014C58       TQLColumnFooter.SetEndEllipsis
 0001:00014C68       TQLColumnFooter.SetFieldName
 0001:00014C90       TQLColumnFooter.SetFont
 0001:00014CA0       TQLColumnFooter.SetValue
 0001:00014CC0       TQLColumnFooter.SetValueType
 0001:00014CE0       TQLColumnFooter.SetWordWrap
 0001:00014CF0       TQLColumnFooters.Create
 0001:00014D38       TQLColumnFooters.Add
 0001:00014D44       TQLColumnFooters.GetFooter
 0001:00014D58       TQLColumnFooters.GetOwner
 0001:00014D5C       TQLColumnFooters.SetFooter
 0001:00014D7C       TQLColumnFooters.Update
 0001:00014D84       TQLDBGridAggregateList.Create
 0001:00014DC8       TQLDBGridAggregateList.GetActive
 0001:00014DCC       TQLDBGridAggregateList.SetActive
 0001:00014DD4       TQLDBGridColumns.ColumnByFieldName
 0001:00014E4C       TQLDBGridColumns.GetColumn
 0001:00014E60       TQLDBGridColumns.SetColumn
 0001:00014E68       TQLDBGridDataLink.GetGrid
 0001:00014E6C       TQLDBGridDataLink.SetBufferCount
 0001:00014E94       TQLCustomDBGrid.WMVScroll
 0001:00014EE0       Finalization
 0001:00014F28       QLDBGrid
 0001:00015140       Finalization
 0001:00015170       MMSystem
 0001:00015AFC       OkToChangeFieldAlignment
 0001:00015B28       QRDBUseRightToLeftAlignment
 0001:00015B58       TQRDBText.Create
 0001:00015B9C       TQRDBText.SetDataSet
 0001:00015BB0       TQRDBText.SetDataField
 0001:00015C0C       TQRDBText.Loaded
 0001:00015C90       TQRDBText.Notification
 0001:00015CC0       TQRDBText.SetMask
 0001:00015D10       TQRDBText.Prepare
 0001:00015DAC       TQRDBText.Print
 0001:000160A8       TQRDBText.Unprepare
 0001:000160E0       TQRDBText.UseRightToLeftAlignment
 0001:000160EC       TQLDBGridReportBuilder.SetActive
 0001:00016148       TQLDBGridReportBuilder.Build
 0001:000164F4       TQLDBGridReportBuilder.Create
 0001:00016554       TQLDBGridReportBuilder.Destroy
 0001:000165B0       GridLineWidth
 0001:000165C4       GetMasterCol
 0001:000165EC       GetRowCount
 0001:00016690       GetColWidth
 0001:00016720       GetIsLastColumn
 0001:00016794       GetIsChildLastCol
 0001:00016828       AddColumn
 0001:00016FE8       TQLDBGridReportBuilder.BuildList
 0001:000173C8       TQLDBGridReportBuilder.Notification
 0001:00017418       TQLDBGridReportBuilder.GetReport
 0001:0001741C       TQLDBGridReportBuilder.SetReport
 0001:00017440       TQLDBGridReportBuilder.SetDBGrid
 0001:00017454       Finalization
 0001:00017484       QLRptBld
 0001:00017AD4       ExtractSubStr
 0001:00017B34       IndexOfFieldName
 0001:00017BD0       TQLDBFilterForm.Create
 0001:00017C30       TQLDBFilterForm.btnAddToListClick
 0001:00017DDC       TQLDBFilterForm.btnDeleteClick
 0001:00017E20       TQLDBFilterForm.btnNewConditionsClick
 0001:00017E30       TQLDBFilterForm.lbFilterDrawItem
 0001:00018020       TQLDBFilterForm.lbFilterDblClick
 0001:00018200       TQLDBFilterForm.edtValueChange
 0001:00018204       TQLDBFilterForm.cbFieldsChange
 0001:000183F4       TQLDBFilterDialog.Create
 0001:00018620       TQLDBFilterDialog.Destroy
 0001:00018660       TQLDBFilterDialog.CanUseFilterCondition
 0001:000186C8       CompareFieldValue
 0001:000188B8       TQLDBFilterDialog.DataSetFilterRecord
 0001:00018C94       ValueToFilterText
 0001:00018D9C       TQLDBFilterDialog.GetFilter
 0001:000192A8       TQLDBFilterDialog.GetFilterDescriptions
 0001:00019490       TQLDBFilterDialog.GetFilterFields
 0001:000194A4       TQLDBFilterDialog.SetFilterFields
 0001:000194C4       TQLDBFilterDialog.SetTitle
 0001:000194E4       TQLDBFilterDialog.SetDataSet
 0001:00019550       FillFieldsComboBox
 0001:00019660       TQLDBFilterDialog.Execute
 0001:000197C4       TQLDBFilterDialog.FilterStringsChange
 0001:00019838       TQLDBFilterForm.btnOKClick
 0001:000198B0       Finalization
 0001:000198E0       QLDBFlt
 0001:000198E8       Register
 0001:00019A18       Finalization
 0001:00019A48       QLReg
 0001:00019F18       @GetPackageInfoTable
 0001:00019F20       @PackageLoad
 0001:00019F2C       @PackageUnload
 0001:00019F38       QLL70
 0002:00000000       TlsIndex
 0002:00000004       PtrToNil
 0002:00000008       Module
 0002:00000020       TlsProc
 0002:00000030       LookupBtnResNames
 0002:0000003C       LookupBtnCaptions
 0002:00000048       ZM
 0002:00000060       SearchTickCount
 0002:00000064       PreState
 0002:00000068       AlignFlags
 0002:00000074       RTL
 0002:0000007C       CurrencyUnits
 0002:00001000       ModuleIsLib
 0002:00001001       ModuleIsPackage
 0002:00001004       HInstance
 0002:00001008       .1
 0002:0000100C       tlsBuffer
 0002:00001010       .3
 0002:00001014       .1
 0002:00001018       .1
 0002:0000101C       .1
 0002:00001020       .1
 0002:00001024       .1
 0002:00001028       .1
 0002:0000102C       .1
 0002:00001030       .1
 0002:00001034       .3
 0002:00001038       .1
 0002:0000103C       .1
 0002:00001040       .1
 0002:00001044       .5
 0002:00001048       .21
 0002:0000104C       cStr
 0002:00001050       HStr
 0002:000010AC       HZWBMTable
 0002:000010B0       .21
 0002:000010B4       DrawBitmap
 0002:000010B8       UserCount
 0002:000010BC       InSizing
 0002:000010C0       .7
 0002:000010C4       .2
 0002:000010C8       .3
 0002:000010CC       .1


Line numbers for QLDBAgg(QLDBAgg.pas) segment .text

   212 0001:0000222C   213 0001:00002241   217 0001:0000224A   218 0001:0000224E
   219 0001:00002251   220 0001:00002268   221 0001:0000226B   222 0001:0000226F
   223 0001:00002295   226 0001:0000229C   227 0001:000022A7   228 0001:000022B0
   229 0001:000022B8   230 0001:000022C0   231 0001:000022D7   235 0001:000022DC
   236 0001:000022E3   237 0001:000022F4   238 0001:00002300   239 0001:0000230A
   240 0001:00002315   241 0001:0000231F   242 0001:0000232B   244 0001:00002339
   245 0001:00002342   268 0001:00002348   269 0001:00002355   270 0001:0000235A
   271 0001:0000235F   272 0001:00002363   273 0001:0000236C   274 0001:0000237A
   276 0001:000023A1   278 0001:000023A6   279 0001:000023B8   282 0001:000023C0
   284 0001:000023C5   285 0001:000023CC   287 0001:000023E4   288 0001:000023F2
   289 0001:0000240B   290 0001:00002419   291 0001:00002435   292 0001:0000244C
   295 0001:00002468   296 0001:0000246D   298 0001:00002482   299 0001:00002498
   301 0001:000024A4   302 0001:000024B9   303 0001:000024CE   304 0001:000024E3
   305 0001:000024F8   306 0001:0000250D   307 0001:00002522   308 0001:0000253D
   309 0001:00002558   311 0001:00002577   312 0001:0000258A   313 0001:0000259A
   314 0001:000025AA   315 0001:000025BA   316 0001:000025CA   317 0001:000025DA
   318 0001:000025EA   319 0001:000025FA   321 0001:00002611   324 0001:00002615
   328 0001:00002634   329 0001:00002639   330 0001:0000264E   331 0001:00002660
   332 0001:00002672   333 0001:00002684   334 0001:00002696   335 0001:000026A8
   336 0001:000026BA   337 0001:000026D2   338 0001:000026EA   339 0001:000026F1
   342 0001:00002709   343 0001:00002717   344 0001:0000271F   345 0001:00002727
   346 0001:0000272F   347 0001:00002737   348 0001:0000273F   349 0001:00002747
   350 0001:00002755   352 0001:00002763   353 0001:00002768   355 0001:0000276D
   356 0001:00002771   357 0001:0000279A   359 0001:000027A2   363 0001:000027A8
   364 0001:000027AF   365 0001:000027B4   367 0001:000027CC   368 0001:000027CF
   370 0001:000027D8   372 0001:000027DB   374 0001:000027EA   375 0001:000027ED
   380 0001:000027F4   381 0001:00002800   383 0001:00002807   389 0001:00002808
   390 0001:00002814   393 0001:00002877   394 0001:00002885   395 0001:0000288D
   397 0001:00002897   398 0001:000028AD   400 0001:000028C0   401 0001:000028C4
   402 0001:000028D9   404 0001:000028FF   405 0001:00002903   406 0001:00002905
   401 0001:00002906   408 0001:00002909   409 0001:00002924   411 0001:00002928
   412 0001:00002932   413 0001:0000293D   414 0001:0000296F   415 0001:0000297A
   417 0001:00002981   419 0001:00002991   420 0001:000029A6   421 0001:000029B5
   422 0001:000029C1   425 0001:000029CC   426 0001:000029E6   428 0001:00002A0A
   431 0001:00002A17   419 0001:00002A18   432 0001:00002A1B   433 0001:00002A36
   434 0001:00002A51   418 0001:00002A5C   436 0001:00002A6F   438 0001:00002A7A
   443 0001:00002A92   444 0001:00002AA4   445 0001:00002AB8   446 0001:00002ABF
   448 0001:00002ACF   453 0001:00002ADC   454 0001:00002AE6   455 0001:00002AED
   456 0001:00002AF6   458 0001:00002AFC   459 0001:00002B0E   460 0001:00002B1A
   461 0001:00002B26   463 0001:00002B31   464 0001:00002B48   466 0001:00002B64
   467 0001:00002B6E   470 0001:00002B76   458 0001:00002B77   472 0001:00002B7A
   478 0001:00002B84   479 0001:00002B8E   481 0001:00002B98   482 0001:00002BAA
   483 0001:00002BB6   484 0001:00002BC2   485 0001:00002BCD   486 0001:00002BD7
   489 0001:00002BE3   481 0001:00002BE4   491 0001:00002BE7   492 0001:00002BFC
   493 0001:00002C07   494 0001:00002C0B   496 0001:00002C17   499 0001:00002C1B
   500 0001:00002C22   501 0001:00002C2B   504 0001:00002C34   505 0001:00002C3A
   506 0001:00002C47   507 0001:00002C4E   508 0001:00002C56   514 0001:00002C5C
   515 0001:00002C7C   517 0001:00002C86   518 0001:00002CA1   519 0001:00002CAE
   520 0001:00002CBA   522 0001:00002CC5   523 0001:00002CDC   525 0001:00002D02
   527 0001:00002D10   530 0001:00002D1C   517 0001:00002D1F   532 0001:00002D26
   534 0001:00002D4F   535 0001:00002D52   536 0001:00002D61   537 0001:00002D6A
   539 0001:00002D95   540 0001:00002D97   541 0001:00002D9B   542 0001:00002D9F
   543 0001:00002DA0   544 0001:00002DA4   541 0001:00002DCE   546 0001:00002DD4
   547 0001:00002DD8   548 0001:00002DDC   549 0001:00002DDD   550 0001:00002DE5
   547 0001:00002E0E   552 0001:00002E12   553 0001:00002E29   555 0001:00002E2D
   557 0001:00002E34   558 0001:00002E66   561 0001:00002E74   562 0001:00002E7B
   563 0001:00002E8A   565 0001:00002E90   566 0001:00002E96   567 0001:00002EB2
   573 0001:00002EB9   579 0001:00002EC0   580 0001:00002EE1   581 0001:00002EE8
   582 0001:00002EF1   584 0001:00002EFB   585 0001:00002F12   586 0001:00002F1F
   587 0001:00002F2B   588 0001:00002F36   589 0001:00002F57   592 0001:00002F64
   584 0001:00002F67   594 0001:00002F6A   595 0001:00002F7F   596 0001:00002F9A
   597 0001:00002FA0   598 0001:00002FB8   602 0001:00002FC3   603 0001:00002FE7
   606 0001:00002FF4   607 0001:00002FFA   609 0001:00003000   610 0001:00003007
   611 0001:0000300E   613 0001:00003012   614 0001:0000301C   615 0001:0000302A
   618 0001:00003030   619 0001:00003033   620 0001:0000303B   623 0001:00003040
   624 0001:00003046   625 0001:0000304B   626 0001:00003059   627 0001:00003066
   630 0001:0000306C   631 0001:00003072   632 0001:00003076   634 0001:0000308E
   635 0001:00003095   636 0001:000030A0   639 0001:000030A4   640 0001:000030AA
   641 0001:000030AE   643 0001:000030C6   644 0001:000030CD   645 0001:000030D8
   648 0001:000030DC   649 0001:000030DD   650 0001:000030EE   655 0001:000030F0
   656 0001:000030F5   657 0001:00003107   658 0001:00003111   659 0001:00003119
   660 0001:00003121   656 0001:00003122   661 0001:00003125   662 0001:0000312C
   665 0001:00003130   666 0001:00003133   667 0001:00003138   668 0001:0000313B
   669 0001:00003142   673 0001:00003144   674 0001:00003147   675 0001:00003151
   677 0001:0000315D   678 0001:00003163   679 0001:00003170   682 0001:00003174
   683 0001:00003177   684 0001:00003181   685 0001:0000318D   686 0001:00003191
   691 0001:00003194   692 0001:00003197   695 0001:00003198   696 0001:0000319B
   703 0001:000031A4   704 0001:000031AB   707 0001:000031B0   708 0001:000031B3
   709 0001:000031B8   710 0001:000031BD   711 0001:000031C8   714 0001:000031CC
   715 0001:000031E2   716 0001:000031FD   718 0001:0000321A   719 0001:00003246
   722 0001:0000324C   723 0001:00003252   724 0001:0000326D   726 0001:00003285
   727 0001:00003292   730 0001:00003298   731 0001:0000329C   732 0001:000032BD
   733 0001:000032C6   734 0001:000032CD   735 0001:000032D7   736 0001:000032D9
   739 0001:000032DC   740 0001:000032E1   744 0001:0000332C   749 0001:00003330
   750 0001:00003339   751 0001:00003340   753 0001:0000334B   754 0001:00003359
   756 0001:00003363   758 0001:0000337D   759 0001:00003381   760 0001:00003385
   761 0001:00003388   762 0001:0000338F   759 0001:000033A8   764 0001:000033AE
   765 0001:000033B2   766 0001:000033B6   767 0001:000033B9   768 0001:000033C6
   765 0001:000033DE   771 0001:000033E2   772 0001:000033EB   780 0001:000033F4
   781 0001:000033FB   783 0001:0000340C   784 0001:00003418   785 0001:00003422
   786 0001:0000342E   788 0001:0000343C   789 0001:00003445   792 0001:0000344C
   793 0001:00003452   794 0001:0000345E   795 0001:00003468   796 0001:00003471
   800 0001:00003474   801 0001:00003479   802 0001:0000347C   803 0001:00003483
   811 0001:00003484   812 0001:00003487   815 0001:00003488   816 0001:0000348E
   817 0001:00003497   821 0001:0000349C   822 0001:000034A1   826 0001:000034A4
   827 0001:000034AC   832 0001:000034B0   833 0001:000034D7   834 0001:000034DC
   835 0001:000034ED   836 0001:00003514   837 0001:00003520   839 0001:00003522
   834 0001:00003523   840 0001:00003546   846 0001:00003550   847 0001:00003562
   848 0001:0000356B   849 0001:00003593   852 0001:00003598   853 0001:000035A3
   854 0001:000035AF   855 0001:000035C2   860 0001:000035C8   861 0001:000035D0
   864 0001:000035D4   865 0001:000035D7   866 0001:000035DF   870 0001:000035E4
   871 0001:000035EC   875 0001:000035F0   876 0001:000035F8   880 0001:000035FC
   881 0001:00003604   885 0001:00003608   886 0001:00003610   890 0001:00003614
   891 0001:0000361C   895 0001:00003620   896 0001:00003628   900 0001:0000362C
   901 0001:00003634   905 0001:00003638   906 0001:00003640   910 0001:00003644
   911 0001:0000364C   914 0001:00003650   915 0001:00003653   916 0001:0000365A
   917 0001:00003662   921 0001:00003664   922 0001:0000366C   925 0001:00003670
   926 0001:00003673   927 0001:0000367B   931 0001:00003680   932 0001:00003688
   935 0001:0000368C   936 0001:00003692   937 0001:0000369C   938 0001:000036A9
   942 0001:000036AC   943 0001:000036B4   947 0001:000036B8   948 0001:000036C0
   952 0001:000036C4   953 0001:000036CC   957 0001:000036D0   958 0001:000036D6
   962 0001:000036D8   963 0001:000036DE   967 0001:000036E0   968 0001:000036E6
   972 0001:000036E8   973 0001:000036F6   977 0001:000036F8   978 0001:000036FE
   982 0001:00003700   983 0001:0000370E   986 0001:00003710   987 0001:00003713
   988 0001:00003722   991 0001:00003728   992 0001:0000372B   993 0001:0000373A
   997 0001:00003740   998 0001:00003748  1002 0001:0000374C  1003 0001:00003754
  1007 0001:00003758  1008 0001:00003760  1012 0001:00003764  1013 0001:0000376A
  1017 0001:0000376C  1018 0001:00003774  1022 0001:00003778  1023 0001:00003780
  1026 0001:00003784  1027 0001:0000378D  1028 0001:00003798  1030 0001:0000379D
  1031 0001:000037B9  1034 0001:000037C2  1038 0001:000037C8  1039 0001:000037CA
  1044 0001:000037CC  1047 0001:000037D0  1048 0001:000037D3  1049 0001:000037DA
  1051 0001:0000380C  1051 0001:00003813

Line numbers for QLDBLkp(QLDBLkp.pas) segment .text

   576 0001:00006314   577 0001:00006339   578 0001:00006340   579 0001:00006342
   580 0001:0000634E   581 0001:00006359   583 0001:0000635E   585 0001:00006365
   586 0001:00006391   588 0001:0000639A   589 0001:000063A0   591 0001:000063A4
   592 0001:000063A7   581 0001:000063A9   598 0001:000063D3   612 0001:000063F4
   613 0001:000063F9   614 0001:000063FB   616 0001:0000640D   618 0001:00006422
   619 0001:00006424   621 0001:00006426   614 0001:00006427   622 0001:0000642C
   628 0001:00006430   629 0001:000065B6   630 0001:000065B9   631 0001:000065BC
   632 0001:000065BF   633 0001:000065C2   634 0001:000065C5   635 0001:000065C8
   636 0001:000065CB   637 0001:000065CE   638 0001:000065D1   639 0001:000065D4
   640 0001:000065D7   641 0001:000065DA   642 0001:000065DD   643 0001:000065E0
   644 0001:000065E3   645 0001:000065E6   646 0001:000065E9   647 0001:000065EC
   648 0001:000065EF   649 0001:000065F2   650 0001:000065F5   651 0001:000065F8
   653 0001:000065FB   655 0001:000065FD   662 0001:00006600   663 0001:00006631
   664 0001:0000663C   665 0001:00006644   666 0001:00006649   667 0001:00006656
   669 0001:0000665F   671 0001:00006680   672 0001:0000669A   676 0001:000066A0
   677 0001:000066E2   678 0001:000066F4   680 0001:00006703   683 0001:00006710
   685 0001:00006722   687 0001:00006730   688 0001:00006748   690 0001:0000674A
   691 0001:0000675C   683 0001:00006763   692 0001:00006768   667 0001:0000676B
   695 0001:00006774   696 0001:000067B6   705 0001:000067D8   706 0001:000067FF
   707 0001:00006807   709 0001:00006810   710 0001:00006821   711 0001:00006840
   712 0001:0000684E   714 0001:00006868   716 0001:00006878   718 0001:00006884
   720 0001:00006899   721 0001:000068BB   722 0001:000068F2   718 0001:000068F5
   723 0001:0000691A   731 0001:00006930   732 0001:00006942   733 0001:0000694B
   734 0001:00006966   737 0001:0000696C   738 0001:0000696D   739 0001:0000697E
   742 0001:00006980   743 0001:00006988   746 0001:000069AF   747 0001:000069B3
   749 0001:000069BE   752 0001:000069C4   753 0001:000069C5   754 0001:000069D6
   758 0001:000069D8   759 0001:000069E6   767 0001:000069E8   768 0001:000069FA
   769 0001:00006A03   770 0001:00006A1E   773 0001:00006A24   774 0001:00006A25
   775 0001:00006A36   778 0001:00006A38   779 0001:00006A39   780 0001:00006A4A
   783 0001:00006A4C   784 0001:00006A4D   785 0001:00006A5E   790 0001:00006A60
   791 0001:00006A6B   792 0001:00006A6F   793 0001:00006A7D   795 0001:00006A99
   796 0001:00006AA1   805 0001:00006AA8   809 0001:00006AD6   810 0001:00006ADF
   811 0001:00006AE9   812 0001:00006AF3   813 0001:00006AFB   814 0001:00006B04
   815 0001:00006B0D   816 0001:00006B21   817 0001:00006B35   818 0001:00006B38
   819 0001:00006B4C   820 0001:00006B4F   821 0001:00006B61   822 0001:00006BAD
   825 0001:00006BBC   826 0001:00006BC7   827 0001:00006BD3   828 0001:00006BDE
   829 0001:00006BE6   830 0001:00006BF1   831 0001:00006BF6   832 0001:00006BFE
   833 0001:00006C09   834 0001:00006C0E   835 0001:00006C21   838 0001:00006C24
   839 0001:00006C28   841 0001:00006C64   844 0001:00006C68   845 0001:00006C7F
   846 0001:00006CA4   847 0001:00006CD8   850 0001:00006CE0   851 0001:00006CF8
[...]
  2474 0001:00014395  2480 0001:000143B8  2483 0001:000143C0  2484 0001:000143C6
  2485 0001:000143CF  2489 0001:000143D4  2490 0001:000143D7  2494 0001:000143D8
  2495 0001:000143DD  2517 0001:000143E0  2518 0001:000143E5  2521 0001:000143E8
  2522 0001:000143EE  2525 0001:000143FF  2526 0001:00014407  2527 0001:0001440D
  2528 0001:00014413  2529 0001:00014419  2530 0001:0001441F  2531 0001:00014425
  2533 0001:0001442E  2534 0001:00014437  2538 0001:0001443C  2539 0001:0001443F
  2542 0001:00014440  2543 0001:00014443  2545 0001:00014448  2546 0001:0001444B
  2548 0001:00014456  2552 0001:00014458  2554 0001:0001445D  2555 0001:00014460
  2557 0001:00014468  2561 0001:0001446C  2563 0001:00014471  2564 0001:00014474
  2566 0001:0001447C  2570 0001:00014480  2572 0001:00014485  2573 0001:00014488
  2575 0001:00014490  2579 0001:00014494  2581 0001:00014499  2582 0001:0001449C
  2584 0001:000144A4  2588 0001:000144A8  2590 0001:000144AD  2591 0001:000144B0
  2593 0001:000144B8  2597 0001:000144BC  2599 0001:000144C1  2600 0001:000144C4
  2602 0001:000144CC  2611 0001:000144D0  2612 0001:000144E2  2613 0001:000144EB
  2614 0001:000144F5  2615 0001:000144FF  2616 0001:0001451F  2619 0001:00014524
  2620 0001:0001452F  2621 0001:00014537  2622 0001:0001453F  2623 0001:00014556
  2626 0001:0001455C  2627 0001:00014562  2628 0001:0001456B  2629 0001:00014575
  2633 0001:00014578  2634 0001:00014586  2638 0001:00014588  2639 0001:0001459D
  2644 0001:000145A0  2645 0001:000145A5  2646 0001:000145AD  2647 0001:000145BF
  2646 0001:000145CF  2648 0001:000145D2  2652 0001:000145D8  2653 0001:000145DB
  2657 0001:000145DC  2658 0001:000145DF  2662 0001:000145E0  2664 0001:000145E5
  2666 0001:000145E8  2669 0001:000145EC  2670 0001:000145F3  2672 0001:000145F8
  2673 0001:00014610  2674 0001:0001461F  2675 0001:00014636  2676 0001:00014639
  2678 0001:0001464D  2681 0001:00014654  2682 0001:00014657  2683 0001:0001465F
  2686 0001:00014664  2687 0001:00014667  2688 0001:0001466F  2691 0001:00014674
  2692 0001:0001467A  2693 0001:00014693  2694 0001:00014696  2700 0001:0001469C
  2701 0001:000146B1  2702 0001:000146BC  2703 0001:000146D1  2704 0001:000146D7
  2705 0001:000146E8  2706 0001:000146F8  2707 0001:00014705  2708 0001:00014717
  2709 0001:0001473B  2712 0001:00014740  2713 0001:00014755  2714 0001:00014760
  2715 0001:00014763  2716 0001:00014774  2717 0001:00014784  2718 0001:000147A8
  2721 0001:000147AC  2722 0001:000147B8  2723 0001:000147CA  2724 0001:000147D7
  2725 0001:000147DF  2726 0001:000147EB  2727 0001:00014802  2730 0001:00014808
  2731 0001:0001480F  2733 0001:00014820  2734 0001:00014826  2735 0001:00014836
  2736 0001:0001483C  2737 0001:0001484C  2738 0001:00014852  2739 0001:00014862
  2740 0001:0001486E  2741 0001:00014878  2742 0001:00014882  2743 0001:0001488C
  2746 0001:00014898  2747 0001:000148A1  2753 0001:000148A8  2754 0001:000148B0
  2755 0001:000148B4  2757 0001:000148B8  2758 0001:000148BA  2764 0001:000148BC
  2765 0001:000148C4  2766 0001:000148C8  2768 0001:000148CF  2769 0001:000148D4
  2774 0001:000148D8  2775 0001:000148DB  2776 0001:000148E3  2777 0001:000148E7
  2779 0001:000148EF  2780 0001:000148F7  2783 0001:000148FC  2784 0001:00014904
  2786 0001:00014921  2788 0001:0001492F  2790 0001:0001493E  2791 0001:00014957
  2792 0001:00014965  2793 0001:00014986  2795 0001:00014996  2796 0001:0001499F
  2797 0001:000149A8  2799 0001:000149BB  2801 0001:000149D1  2804 0001:000149E7
  2809 0001:00014A08  2811 0001:00014A18  2812 0001:00014A1F  2813 0001:00014A28
  2815 0001:00014A3B  2818 0001:00014A51  2819 0001:00014A58  2822 0001:00014A67
  2823 0001:00014A6C  2826 0001:00014A74  2829 0001:00014A78  2830 0001:00014A7B
  2831 0001:00014A7F  2832 0001:00014A89  2836 0001:00014A8C  2837 0001:00014A92
  2839 0001:00014A96  2840 0001:00014A9B  2844 0001:00014A9C  2845 0001:00014AA2
  2847 0001:00014AA6  2848 0001:00014AAB  2854 0001:00014AAC  2855 0001:00014AB4
  2857 0001:00014ABA  2858 0001:00014AC3  2860 0001:00014AE3  2861 0001:00014AF3
  2862 0001:00014AFB  2863 0001:00014B0B  2866 0001:00014B1B  2867 0001:00014B1E
  2870 0001:00014B24  2871 0001:00014B27  2873 0001:00014B3F  2876 0001:00014B44
  2877 0001:00014B47  2879 0001:00014B5F  2883 0001:00014B64  2884 0001:00014B6B
  2889 0001:00014B6C  2890 0001:00014B76  2891 0001:00014B7F  2892 0001:00014B91
  2893 0001:00014B99  2894 0001:00014BA7  2896 0001:00014BC5  2898 0001:00014BDF
  2903 0001:00014BE4  2904 0001:00014BE8  2905 0001:00014BEF  2906 0001:00014BF7
  2909 0001:00014BFE  2910 0001:00014C08  2913 0001:00014C10  2914 0001:00014C13
  2915 0001:00014C1E  2916 0001:00014C21  2917 0001:00014C25  2918 0001:00014C2F
  2921 0001:00014C34  2922 0001:00014C37  2923 0001:00014C42  2924 0001:00014C45
  2925 0001:00014C49  2926 0001:00014C53  2930 0001:00014C58  2931 0001:00014C5B
  2932 0001:00014C65  2935 0001:00014C68  2936 0001:00014C6E  2938 0001:00014C78
  2939 0001:00014C80  2940 0001:00014C8A  2943 0001:00014C90  2944 0001:00014C93
  2945 0001:00014C9B  2948 0001:00014CA0  2949 0001:00014CA6  2950 0001:00014CB0
  2951 0001:00014CBA  2958 0001:00014CC0  2959 0001:00014CC3  2960 0001:00014CC8
  2962 0001:00014CCB  2966 0001:00014CD3  2967 0001:00014CDD  2971 0001:00014CE0
  2972 0001:00014CE3  2973 0001:00014CED  2980 0001:00014CF0  2981 0001:00014D08
  2982 0001:00014D14  2983 0001:00014D2E  2986 0001:00014D38  2987 0001:00014D3B
  2988 0001:00014D42  2991 0001:00014D44  2992 0001:00014D4A  2993 0001:00014D53
  2997 0001:00014D58  2998 0001:00014D5B  3001 0001:00014D5C  3002 0001:00014D65
  3003 0001:00014D75  3007 0001:00014D7C  3008 0001:00014D81  3016 0001:00014D84
  3017 0001:00014D96  3018 0001:00014D9F  3019 0001:00014DA3  3020 0001:00014DC3
  3024 0001:00014DC8  3025 0001:00014DCB  3029 0001:00014DCC  3030 0001:00014DD1
  3041 0001:00014DD4  3042 0001:00014DDC  3043 0001:00014DED  3045 0001:00014E04
  3046 0001:00014E0D  3047 0001:00014E0F  3042 0001:00014E10  3048 0001:00014E13
  3049 0001:00014E29  3052 0001:00014E4C  3053 0001:00014E52  3054 0001:00014E5B
  3058 0001:00014E60  3059 0001:00014E65  3068 0001:00014E68  3069 0001:00014E6B
  3072 0001:00014E6C  3073 0001:00014E6F  3074 0001:00014E8A  3075 0001:00014E91
  3078 0001:00014E94  3079 0001:00014E9B  3080 0001:00014EA5  3081 0001:00014EB3
  3083 0001:00014EC8  3085 0001:00014EDA  3087 0001:00014F28  3087 0001:00014F2F

Line numbers for QLRptBld(..\Source\QLRptBld.pas) segment .text

   112 0001:00015AFC   117 0001:00015B21   118 0001:00015B27   124 0001:00015B28
   125 0001:00015B2F   126 0001:00015B33   128 0001:00015B38   130 0001:00015B3A
   132 0001:00015B53   135 0001:00015B58   136 0001:00015B6A   137 0001:00015B73
   139 0001:00015B7A   140 0001:00015B98   144 0001:00015B9C   145 0001:00015BA2
   146 0001:00015BA6   147 0001:00015BAC   155 0001:00015BB0   156 0001:00015BD0
   157 0001:00015BDE   158 0001:00015C05   163 0001:00015C0C   164 0001:00015C23
   165 0001:00015C2A   167 0001:00015C33   168 0001:00015C4E   169 0001:00015C63
   171 0001:00015C8A   174 0001:00015C90   175 0001:00015C99   176 0001:00015CA4
   177 0001:00015CA9   178 0001:00015CB1   179 0001:00015CB9   182 0001:00015CC0
   183 0001:00015CE0   184 0001:00015D0B   187 0001:00015D10   188 0001:00015D15
   189 0001:00015D1C   191 0001:00015D26   192 0001:00015D3B   194 0001:00015D3F
   195 0001:00015D4C   196 0001:00015D53   198 0001:00015D7B   199 0001:00015D84
   201 0001:00015D8D   205 0001:00015D96   206 0001:00015D9E   208 0001:00015DA5
   211 0001:00015DAC   212 0001:00015DDA   214 0001:00015DED   216 0001:00015DF9
   220 0001:00015E0B   221 0001:00015E16   223 0001:00015E26   224 0001:00015E34
   227 0001:00015E5F   229 0001:00015E7F   230 0001:00015EA3   231 0001:00015EBD
   233 0001:00015ED7   236 0001:00015EF1   239 0001:00015F2D   241 0001:00015F68
   244 0001:00015FA4   246 0001:00015FD0   249 0001:0001600C   252 0001:00016045
   255 0001:00016056   257 0001:00016060   259 0001:0001609D   262 0001:000160A8
   263 0001:000160AB   264 0001:000160B3   265 0001:000160BA   266 0001:000160C3
   268 0001:000160D2   269 0001:000160DC   274 0001:000160E0   275 0001:000160EB
   281 0001:000160EC   282 0001:000160EF   283 0001:000160F4   285 0001:000160F8
   286 0001:00016101   287 0001:0001610F   291 0001:00016118   292 0001:0001613A
   295 0001:00016143   303 0001:00016148   304 0001:00016166   305 0001:00016175
   306 0001:00016183   308 0001:0001618D   309 0001:000161A6   310 0001:000161BF
   311 0001:000161D8   312 0001:000161FF   314 0001:00016218   316 0001:00016222
   317 0001:0001623F   318 0001:00016263   316 0001:0001628F   319 0001:00016292
   321 0001:000162AA   322 0001:000162C0   325 0001:0001631D   328 0001:00016327
   329 0001:0001633E   330 0001:0001634E   331 0001:00016361   332 0001:00016374
   333 0001:00016386   336 0001:00016393   338 0001:000163A2   339 0001:000163AF
   341 0001:000163BE   343 0001:000163CA   347 0001:000163D8   349 0001:000163E2
   350 0001:000163FF   351 0001:00016423   349 0001:0001644F   352 0001:00016452
   355 0001:0001646A   356 0001:00016480   360 0001:000164B3   363 0001:000164E0
   367 0001:000164F4   368 0001:00016506   369 0001:0001650F   370 0001:0001651E
   371 0001:0001652D   372 0001:00016531   373 0001:00016535   374 0001:00016550
   377 0001:00016554   378 0001:0001655F   379 0001:00016567   380 0001:0001656F
   381 0001:00016586   404 0001:000165B0   405 0001:000165B3   406 0001:000165BF
   423 0001:000165C4   424 0001:000165C8   426 0001:000165CC   425 0001:000165D5
   427 0001:000165E6   433 0001:000165EC   434 0001:000165F3   435 0001:000165F5
   437 0001:00016605   438 0001:00016623   439 0001:00016665   436 0001:00016684
   440 0001:00016689   446 0001:00016690   447 0001:00016696   449 0001:00016698
   450 0001:000166B6   451 0001:000166E8   448 0001:00016715   452 0001:0001671A
   457 0001:00016720   458 0001:00016726   459 0001:00016728   460 0001:00016752
   462 0001:00016784   463 0001:00016786   464 0001:00016788   459 0001:00016789
   465 0001:0001678E   471 0001:00016794   472 0001:0001679B   473 0001:0001679F
   474 0001:000167BA   476 0001:000167BE   477 0001:000167E8   478 0001:00016817
   476 0001:00016818   479 0001:0001681B   481 0001:00016822   488 0001:00016828
   495 0001:00016853   497 0001:00016892   498 0001:0001689C   499 0001:000168A5
   501 0001:000168B4   502 0001:000168BD   504 0001:000168C1   505 0001:000168D8
   506 0001:00016906   507 0001:00016913   508 0001:0001692E   509 0001:00016949
   511 0001:00016952   512 0001:00016956   514 0001:00016978   515 0001:00016999
   524 0001:000169AF   525 0001:000169C0   530 0001:000169D3   531 0001:000169E2
   533 0001:00016A00   534 0001:00016A1F   536 0001:00016A3B   538 0001:00016A5B
   540 0001:00016A6F   541 0001:00016A79   542 0001:00016A91   543 0001:00016AAA
   544 0001:00016AC7   545 0001:00016AD5   553 0001:00016AE2   555 0001:00016B06
   556 0001:00016B1D   557 0001:00016B2A   558 0001:00016B45   559 0001:00016B5E
   560 0001:00016B6E   561 0001:00016B8B   563 0001:00016BAE   565 0001:00016BBE
   566 0001:00016BD1   567 0001:00016BEC   568 0001:00016BF9   569 0001:00016C02
   570 0001:00016C14   571 0001:00016C21   572 0001:00016C3B   573 0001:00016C42
   574 0001:00016C5E   575 0001:00016C6E   580 0001:00016C82   581 0001:00016C8D
   582 0001:00016CA7   583 0001:00016CC2   585 0001:00016CE3   586 0001:00016CFA
   587 0001:00016D07   588 0001:00016D14   589 0001:00016D37   590 0001:00016D47
   594 0001:00016D5B   595 0001:00016D6F   597 0001:00016D79   598 0001:00016D90
   599 0001:00016D9D   600 0001:00016DAB   602 0001:00016DD6   603 0001:00016DF9
   604 0001:00016E0F   605 0001:00016E1F   606 0001:00016E2F   607 0001:00016E53
   609 0001:00016E60   611 0001:00016E7F   613 0001:00016E92   614 0001:00016E9B
   615 0001:00016EA4   616 0001:00016EB4   617 0001:00016EC0   627 0001:00016ED0
   628 0001:00016EDD   629 0001:00016EFB   628 0001:00016F0B   630 0001:00016F0E
   634 0001:00016F25   635 0001:00016F57   636 0001:00016F64   638 0001:00016F7E
   639 0001:00016F89   642 0001:00016FBA   644 0001:00016FE8   645 0001:0001700D
   646 0001:00017012   647 0001:0001702E   649 0001:00017083   646 0001:000170AA
   650 0001:000170AD   651 0001:000170BE   652 0001:000170C6   653 0001:000170CE
   654 0001:000170D8   655 0001:000170E9   656 0001:000170F7   657 0001:00017104
   658 0001:00017120   660 0001:00017148   662 0001:00017158   663 0001:0001715E
   664 0001:0001716F   665 0001:0001717D   666 0001:0001718A   668 0001:000171B2
   670 0001:000171C2   671 0001:000171D2   672 0001:000171E2   676 0001:000171F2
   678 0001:000171F8   679 0001:000171FE   681 0001:00017208   682 0001:00017216
   684 0001:00017224   685 0001:0001722D   687 0001:00017237   688 0001:00017245
   691 0001:00017253   693 0001:00017259   694 0001:0001725F   696 0001:00017269
   697 0001:00017274   699 0001:00017282   700 0001:0001728B   704 0001:0001729F
   707 0001:000172A9   709 0001:000172AB   710 0001:000172C3   711 0001:000172DD
   708 0001:000172F6   712 0001:000172F9   713 0001:000172FF   714 0001:00017310
   715 0001:00017327   716 0001:0001733F   717 0001:00017351   718 0001:00017371
   719 0001:0001737A   715 0001:0001737B   721 0001:0001737E   722 0001:000173A9
   726 0001:000173C8   727 0001:000173D1   728 0001:000173DC   729 0001:000173E1
   730 0001:000173F7   731 0001:00017407   732 0001:00017411   736 0001:00017418
   737 0001:0001741B   740 0001:0001741C   741 0001:00017422   744 0001:0001742D
   745 0001:00017430   747 0001:0001743D   751 0001:00017440   753 0001:00017445
   754 0001:00017448   756 0001:00017452   758 0001:00017484   758 0001:0001748B

Line numbers for QLDBFlt(..\source\QLDBFlt.pas) segment .text

   120 0001:00017AD4   121 0001:00017AE2   122 0001:00017AE9   123 0001:00017AFB
   124 0001:00017B12   125 0001:00017B24   126 0001:00017B29   131 0001:00017B34
   132 0001:00017B58   133 0001:00017B5D   134 0001:00017B5F   137 0001:00017B68
   139 0001:00017B6F   140 0001:00017B72   141 0001:00017B80   143 0001:00017B83
   135 0001:00017B84   145 0001:00017B8F   147 0001:00017BC8   152 0001:00017BD0
   153 0001:00017BE5   154 0001:00017BF0   155 0001:00017C2B   160 0001:00017C30
   161 0001:00017C4C   162 0001:00017C6D   165 0001:00017C7A   166 0001:00017CB7
   167 0001:00017CCF   168 0001:00017CEA   169 0001:00017D05   172 0001:00017D2A
   173 0001:00017D5D   176 0001:00017DB2   179 0001:00017DDC   180 0001:00017DE0
   181 0001:00017DFD   182 0001:00017E1B   186 0001:00017E20   187 0001:00017E2E
   196 0001:00017E30   197 0001:00017E66   199 0001:00017E75   200 0001:00017E85
   201 0001:00017E8C   203 0001:00017E90   204 0001:00017EBF   205 0001:00017ECE
   206 0001:00017EDF   207 0001:00017F0C   208 0001:00017F56   209 0001:00017F84
   210 0001:00017F92   212 0001:00017FD9   218 0001:00018020   219 0001:0001803E
   220 0001:0001805E   221 0001:00018065   222 0001:00018097   223 0001:000180A7
   224 0001:000180E7   225 0001:000180FD   227 0001:00018135   228 0001:0001814D
   229 0001:0001816E   230 0001:000181A1   232 0001:000181EE   237 0001:00018200
   242 0001:00018204   243 0001:00018222   244 0001:00018230   245 0001:0001824D
   247 0001:0001828D   248 0001:000182C8   244 0001:000182C9   249 0001:000182D2
   250 0001:000182EF   251 0001:0001830E   252 0001:0001836E   253 0001:00018380
   256 0001:00018392   257 0001:000183B4   259 0001:000183C3   261 0001:000183ED
   266 0001:000183F4   267 0001:00018411   268 0001:0001841D   271 0001:0001842E
   272 0001:0001843C   273 0001:0001844D   274 0001:0001845E   275 0001:0001846F
   276 0001:00018480   277 0001:00018491   278 0001:000184A2   279 0001:000184B3
   280 0001:000184C4   281 0001:000184D5   282 0001:000184E6   284 0001:000184F7
   285 0001:00018504   286 0001:00018515   287 0001:00018538   290 0001:00018620
   291 0001:0001862B   292 0001:00018634   293 0001:0001863C   294 0001:00018644
   295 0001:0001865B   300 0001:00018660   303 0001:000186AC   306 0001:000186AF
   308 0001:000186B6   310 0001:000186BD   315 0001:000186C4   317 0001:000186C6
   322 0001:000186C8   323 0001:000186F2   328 0001:00018743   330 0001:00018765
   333 0001:00018784   334 0001:000187B8   335 0001:000187C5   336 0001:000187D6
   337 0001:00018802   338 0001:0001881E   344 0001:00018841   346 0001:00018898
   352 0001:000188B8   353 0001:000188E4   355 0001:000188EA   356 0001:000188FD
   357 0001:00018909   359 0001:00018920   362 0001:0001892D   363 0001:00018934
   365 0001:00018938   367 0001:00018958   368 0001:00018966   369 0001:00018974
   370 0001:00018985   371 0001:0001899A   372 0001:000189B6   375 0001:000189C7
   376 0001:00018A0C   377 0001:00018A33   378 0001:00018A5A   379 0001:00018A81
   380 0001:00018AA8   381 0001:00018ACF   382 0001:00018AF6   383 0001:00018B36
   384 0001:00018B76   385 0001:00018BB6   386 0001:00018BF3   387 0001:00018C1B
   391 0001:00018C41   357 0001:00018C42   392 0001:00018C7A   403 0001:00018C94
   404 0001:00018CA2   405 0001:00018CB3   406 0001:00018CFC   407 0001:00018D07
   410 0001:00018D12   411 0001:00018D2E   413 0001:00018D3C   415 0001:00018D55
   416 0001:00018D5E   421 0001:00018D9C   422 0001:00018DC2   423 0001:00018DC9
   425 0001:00018DE3   426 0001:00018DF3   427 0001:00018DFA   429 0001:00018DFE
   430 0001:00018E2C   431 0001:00018E3A   432 0001:00018E4B   436 0001:00018E63
   437 0001:00018EBF   438 0001:00018EFE   439 0001:00018F3D   440 0001:00018F7C
   441 0001:00018FBB   442 0001:00018FFA   443 0001:00019039   444 0001:0001906D
   445 0001:000190A6   446 0001:000190DA   447 0001:00019110   448 0001:00019141
   450 0001:00019175   423 0001:00019176   451 0001:0001917F   452 0001:000191C2
   458 0001:000192A8   459 0001:000192CE   460 0001:000192D6   462 0001:000192ED
   463 0001:000192FA   464 0001:00019301   466 0001:00019305   467 0001:00019334
   468 0001:00019343   469 0001:00019354   470 0001:0001939C   471 0001:000193DA
   472 0001:00019408   473 0001:00019413   460 0001:00019414   474 0001:0001944C
   477 0001:00019490   478 0001:00019496   480 0001:000194A0   483 0001:000194A4
   484 0001:000194AA   486 0001:000194B6   489 0001:000194C0   511 0001:000194C4
   512 0001:000194CA   514 0001:000194D6   516 0001:000194E0   519 0001:000194E4
   520 0001:000194EA   522 0001:000194F1   524 0001:000194F5   525 0001:00019503
   527 0001:00019511   528 0001:00019516   530 0001:0001951A   531 0001:0001952C
   532 0001:00019538   535 0001:0001954A   547 0001:00019550   550 0001:0001956C
   552 0001:0001957C   553 0001:0001958B   554 0001:00019599   556 0001:000195A2
   557 0001:000195B5   558 0001:000195C8   559 0001:000195E0   557 0001:00019619
   562 0001:0001962B   577 0001:00019658   579 0001:00019660   580 0001:0001966A
   581 0001:0001966E   582 0001:00019677   583 0001:0001968D   584 0001:0001969F
   586 0001:000196AD   587 0001:000196BB   588 0001:000196C2   589 0001:000196DC
   590 0001:000196F6   591 0001:00019709   593 0001:00019721   594 0001:00019734
   596 0001:0001974D   598 0001:0001975B   599 0001:00019775   602 0001:00019786
   604 0001:00019799   609 0001:000197C4   610 0001:000197C9   612 0001:000197D5
   613 0001:000197E1   614 0001:000197ED   615 0001:00019805   616 0001:00019812
   617 0001:00019828   619 0001:00019834   622 0001:00019838   623 0001:0001983C
   624 0001:00019868   625 0001:00019877   626 0001:00019881   628 0001:000198E0
   628 0001:000198E7

Line numbers for QLReg(..\source\QLReg.pas) segment .text

    45 0001:000198E8    47 0001:000198E9    48 0001:000198FF    51 0001:0001991A
    52 0001:00019930    53 0001:0001994B    54 0001:00019966    57 0001:00019981
    60 0001:00019997    62 0001:000199AD    64 0001:00019A48    64 0001:00019A4F

Line numbers for QLL70(G:\ERP\企业系统\ERP\vcl\QLLStd\Delphi 7\Lib\QLL70.dpk) segment .text

    50 0001:00019F38

Bound resource files

WBPY.RES
QLDBLkp.RES
QLDBFlt.DFM
QLL70.res
QLL70.drf


Program entry point at 0001:00019F38
